Archive member included to satisfy reference by file (symbol)

C:/nxp/MCUXpressoIDE_24.12.148/ide/plugins/com.nxp.mcuxpresso.tools.win32_24.12.0.202407110909/tools/bin/../lib/gcc/arm-none-eabi/13.2.1/../../../../arm-none-eabi/lib/thumb/v8-m.main+fp/hard\libcr_nohost_nf.a(_cr__main.o)
                              ./startup/startup_mcxn947_cm33_core0.o (__main)
C:/nxp/MCUXpressoIDE_24.12.148/ide/plugins/com.nxp.mcuxpresso.tools.win32_24.12.0.202407110909/tools/bin/../lib/gcc/arm-none-eabi/13.2.1/../../../../arm-none-eabi/lib/thumb/v8-m.main+fp/hard\libcr_c.a(memcpy.o)
                              ./utilities/str/fsl_str.o (memcpy)
C:/nxp/MCUXpressoIDE_24.12.148/ide/plugins/com.nxp.mcuxpresso.tools.win32_24.12.0.202407110909/tools/bin/../lib/gcc/arm-none-eabi/13.2.1/../../../../arm-none-eabi/lib/thumb/v8-m.main+fp/hard\libcr_c.a(memset.o)
                              ./utilities/debug_console/fsl_debug_console.o (memset)
C:/nxp/MCUXpressoIDE_24.12.148/ide/plugins/com.nxp.mcuxpresso.tools.win32_24.12.0.202407110909/tools/bin/../lib/gcc/arm-none-eabi/13.2.1/../../../../arm-none-eabi/lib/thumb/v8-m.main+fp/hard\libcr_c.a(alloc.o)
                              ./drivers/fsl_common.o (malloc)
C:/nxp/MCUXpressoIDE_24.12.148/ide/plugins/com.nxp.mcuxpresso.tools.win32_24.12.0.202407110909/tools/bin/../lib/gcc/arm-none-eabi/13.2.1/../../../../arm-none-eabi/lib/thumb/v8-m.main+fp/hard\libcr_c.a(errno.o)
                              ./utilities/str/fsl_str.o (errno)
C:/nxp/MCUXpressoIDE_24.12.148/ide/plugins/com.nxp.mcuxpresso.tools.win32_24.12.0.202407110909/tools/bin/../lib/gcc/arm-none-eabi/13.2.1/../../../../arm-none-eabi/lib/thumb/v8-m.main+fp/hard\libcr_c.a(initio.o)
                              C:/nxp/MCUXpressoIDE_24.12.148/ide/plugins/com.nxp.mcuxpresso.tools.win32_24.12.0.202407110909/tools/bin/../lib/gcc/arm-none-eabi/13.2.1/../../../../arm-none-eabi/lib/thumb/v8-m.main+fp/hard\libcr_nohost_nf.a(_cr__main.o) (_initio)
C:/nxp/MCUXpressoIDE_24.12.148/ide/plugins/com.nxp.mcuxpresso.tools.win32_24.12.0.202407110909/tools/bin/../lib/gcc/arm-none-eabi/13.2.1/../../../../arm-none-eabi/lib/thumb/v8-m.main+fp/hard\libcr_c.a(scanf.o)
                              ./utilities/str/fsl_str.o (strtoul)
C:/nxp/MCUXpressoIDE_24.12.148/ide/plugins/com.nxp.mcuxpresso.tools.win32_24.12.0.202407110909/tools/bin/../lib/gcc/arm-none-eabi/13.2.1/../../../../arm-none-eabi/lib/thumb/v8-m.main+fp/hard\libcr_c.a(setvbuf.o)
                              C:/nxp/MCUXpressoIDE_24.12.148/ide/plugins/com.nxp.mcuxpresso.tools.win32_24.12.0.202407110909/tools/bin/../lib/gcc/arm-none-eabi/13.2.1/../../../../arm-none-eabi/lib/thumb/v8-m.main+fp/hard\libcr_c.a(initio.o) (setvbuf)
C:/nxp/MCUXpressoIDE_24.12.148/ide/plugins/com.nxp.mcuxpresso.tools.win32_24.12.0.202407110909/tools/bin/../lib/gcc/arm-none-eabi/13.2.1/../../../../arm-none-eabi/lib/thumb/v8-m.main+fp/hard\libcr_c.a(strlen.o)
                              ./utilities/str/fsl_str.o (strlen)
C:/nxp/MCUXpressoIDE_24.12.148/ide/plugins/com.nxp.mcuxpresso.tools.win32_24.12.0.202407110909/tools/bin/../lib/gcc/arm-none-eabi/13.2.1/../../../../arm-none-eabi/lib/thumb/v8-m.main+fp/hard\libcr_c.a(ungetc.o)
                              C:/nxp/MCUXpressoIDE_24.12.148/ide/plugins/com.nxp.mcuxpresso.tools.win32_24.12.0.202407110909/tools/bin/../lib/gcc/arm-none-eabi/13.2.1/../../../../arm-none-eabi/lib/thumb/v8-m.main+fp/hard\libcr_c.a(scanf.o) (ungetc)
C:/nxp/MCUXpressoIDE_24.12.148/ide/plugins/com.nxp.mcuxpresso.tools.win32_24.12.0.202407110909/tools/bin/../lib/gcc/arm-none-eabi/13.2.1/../../../../arm-none-eabi/lib/thumb/v8-m.main+fp/hard\libcr_c.a(__fillbuf.o)
                              C:/nxp/MCUXpressoIDE_24.12.148/ide/plugins/com.nxp.mcuxpresso.tools.win32_24.12.0.202407110909/tools/bin/../lib/gcc/arm-none-eabi/13.2.1/../../../../arm-none-eabi/lib/thumb/v8-m.main+fp/hard\libcr_c.a(scanf.o) (__filbuf)
C:/nxp/MCUXpressoIDE_24.12.148/ide/plugins/com.nxp.mcuxpresso.tools.win32_24.12.0.202407110909/tools/bin/../lib/gcc/arm-none-eabi/13.2.1/../../../../arm-none-eabi/lib/thumb/v8-m.main+fp/hard\libcr_c.a(__init_alloc.o)
                              C:/nxp/MCUXpressoIDE_24.12.148/ide/plugins/com.nxp.mcuxpresso.tools.win32_24.12.0.202407110909/tools/bin/../lib/gcc/arm-none-eabi/13.2.1/../../../../arm-none-eabi/lib/thumb/v8-m.main+fp/hard\libcr_c.a(alloc.o) (__heaps)
C:/nxp/MCUXpressoIDE_24.12.148/ide/plugins/com.nxp.mcuxpresso.tools.win32_24.12.0.202407110909/tools/bin/../lib/gcc/arm-none-eabi/13.2.1/../../../../arm-none-eabi/lib/thumb/v8-m.main+fp/hard\libcr_c.a(_cr_sbrk.o)
                              C:/nxp/MCUXpressoIDE_24.12.148/ide/plugins/com.nxp.mcuxpresso.tools.win32_24.12.0.202407110909/tools/bin/../lib/gcc/arm-none-eabi/13.2.1/../../../../arm-none-eabi/lib/thumb/v8-m.main+fp/hard\libcr_c.a(alloc.o) (_sbrk)
[...]
Memory Configuration

Name             Origin             Length             Attributes
PROGRAM_FLASH0   0x00000000         0x00100000         xr
PROGRAM_FLASH1   0x00100000         0x00100000         xr
SRAM             0x20000000         0x00060000         xrw
SRAMX            0x04000000         0x00018000         xrw
SRAMH            0x20060000         0x00008000         xrw
USB_RAM          0x400ba000         0x00001000         xrw
*default*        0x00000000         0xffffffff

Linker script and memory map

LOAD ./utilities/str/fsl_str.o
LOAD ./utilities/debug_console/fsl_debug_console.o
LOAD ./utilities/fsl_assert.o
LOAD ./startup/boot_multicore_slave.o
LOAD ./startup/startup_mcxn947_cm33_core0.o
LOAD ./source/MCXN947_Project.o
LOAD ./source/retarget_itm.o
LOAD ./source/semihost_hardfault.o
LOAD ./drivers/fsl_clock.o
LOAD ./drivers/fsl_common.o
LOAD ./drivers/fsl_common_arm.o
LOAD ./drivers/fsl_gpio.o
LOAD ./drivers/fsl_lpflexcomm.o
LOAD ./drivers/fsl_lpi2c.o
LOAD ./drivers/fsl_lpspi.o
LOAD ./drivers/fsl_lpuart.o
LOAD ./drivers/fsl_reset.o
LOAD ./drivers/fsl_spc.o
LOAD ./device/system_MCXN947_cm33_core0.o
LOAD ./component/uart/fsl_adapter_lpuart.o
LOAD ./component/serial_manager/fsl_component_serial_manager.o
LOAD ./component/serial_manager/fsl_component_serial_port_uart.o
LOAD ./component/lists/fsl_component_generic_list.o
LOAD ./board/board.o
LOAD ./board/clock_config.o
LOAD ./board/peripherals.o
LOAD ./board/pin_mux.o
START GROUP
LOAD C:/nxp/MCUXpressoIDE_24.12.148/ide/plugins/com.nxp.mcuxpresso.tools.win32_24.12.0.202407110909/tools/bin/../lib/gcc/arm-none-eabi/13.2.1/../../../../arm-none-eabi/lib/thumb/v8-m.main+fp/hard\libcr_nohost_nf.a
LOAD C:/nxp/MCUXpressoIDE_24.12.148/ide/plugins/com.nxp.mcuxpresso.tools.win32_24.12.0.202407110909/tools/bin/../lib/gcc/arm-none-eabi/13.2.1/../../../../arm-none-eabi/lib/thumb/v8-m.main+fp/hard\libcr_c.a
LOAD C:/nxp/MCUXpressoIDE_24.12.148/ide/plugins/com.nxp.mcuxpresso.tools.win32_24.12.0.202407110909/tools/bin/../lib/gcc/arm-none-eabi/13.2.1/thumb/v8-m.main+fp/hard\libcr_eabihelpers.a
LOAD C:/nxp/MCUXpressoIDE_24.12.148/ide/plugins/com.nxp.mcuxpresso.tools.win32_24.12.0.202407110909/tools/bin/../lib/gcc/arm-none-eabi/13.2.1/thumb/v8-m.main+fp/hard\libgcc.a
END GROUP
                0x00000000                        __base_PROGRAM_FLASH0 = 0x0
                0x00000000                        __base_Flash = 0x0
                0x00100000                        __top_PROGRAM_FLASH0 = 0x100000
                0x00100000                        __top_Flash = 0x100000
                0x00100000                        __base_PROGRAM_FLASH1 = 0x100000
                0x00100000                        __base_Flash2 = 0x100000
                0x00200000                        __top_PROGRAM_FLASH1 = 0x200000
                0x00200000                        __top_Flash2 = 0x200000
                0x20000000                        __base_SRAM = 0x20000000
                0x20000000                        __base_RAM = 0x20000000
                0x20060000                        __top_SRAM = 0x20060000
                0x20060000                        __top_RAM = 0x20060000
                0x04000000                        __base_SRAMX = 0x4000000
                0x04000000                        __base_RAM2 = 0x4000000
                0x04018000                        __top_SRAMX = 0x4018000
                0x04018000                        __top_RAM2 = 0x4018000
                0x20060000                        __base_SRAMH = 0x20060000
                0x20060000                        __base_RAM3 = 0x20060000
                0x20068000                        __top_SRAMH = 0x20068000
                0x20068000                        __top_RAM3 = 0x20068000
                0x400ba000                        __base_USB_RAM = 0x400ba000
                0x400ba000                        __base_RAM4 = 0x400ba000
                0x400bb000                        __top_USB_RAM = 0x400bb000
                0x400bb000                        __top_RAM4 = 0x400bb000

.text_Flash2    0x00100000        0x0
 FILL mask 0xff
 *(SORT_BY_ALIGNMENT(.text_Flash2))
 *(SORT_BY_ALIGNMENT(.text_PROGRAM_FLASH1))
 *(SORT_BY_ALIGNMENT(.text.$Flash2))
 *(SORT_BY_ALIGNMENT(.text.$PROGRAM_FLASH1))
 *(SORT_BY_ALIGNMENT(.text_Flash2.*))
 *(SORT_BY_ALIGNMENT(.text_PROGRAM_FLASH1.*))
 *(SORT_BY_ALIGNMENT(.text.$Flash2.*))
 *(SORT_BY_ALIGNMENT(.text.$PROGRAM_FLASH1.*))
 *(SORT_BY_ALIGNMENT(.rodata.$Flash2))
 *(SORT_BY_ALIGNMENT(.rodata.$PROGRAM_FLASH1))
 *(SORT_BY_ALIGNMENT(.rodata.$Flash2.*))
 *(SORT_BY_ALIGNMENT(.rodata.$PROGRAM_FLASH1.*))

.text           0x00000000     0x354c
 FILL mask 0xff
                0x00000000                        __vectors_start__ = ABSOLUTE (.)
 *(SORT_BY_ALIGNMENT(.isr_vector))
 .isr_vector    0x00000000      0x2b0 ./startup/startup_mcxn947_cm33_core0.o
                0x00000000                g_pfnVectors
                0x00000000                __Vectors
                0x000002b0                        . = ALIGN (0x4)
                0x000002b0                        __section_table_start = .
                0x000002b0                        __data_section_table = .
                0x000002b0        0x4 LONG 0x354c LOADADDR (.data)
                0x000002b4        0x4 LONG 0x20000000 ADDR (.data)
                0x000002b8        0x4 LONG 0xc SIZEOF (.data)
                0x000002bc        0x4 LONG 0x354c LOADADDR (.data_RAM2)
                0x000002c0        0x4 LONG 0x4000000 ADDR (.data_RAM2)
                0x000002c4        0x4 LONG 0x0 SIZEOF (.data_RAM2)
                0x000002c8        0x4 LONG 0x354c LOADADDR (.data_RAM3)
                0x000002cc        0x4 LONG 0x20060000 ADDR (.data_RAM3)
                0x000002d0        0x4 LONG 0x0 SIZEOF (.data_RAM3)
                0x000002d4        0x4 LONG 0x354c LOADADDR (.data_RAM4)
                0x000002d8        0x4 LONG 0x400ba000 ADDR (.data_RAM4)
                0x000002dc        0x4 LONG 0x0 SIZEOF (.data_RAM4)
                0x000002e0                        __data_section_table_end = .
                0x000002e0                        __bss_section_table = .
                0x000002e0        0x4 LONG 0x2000000c ADDR (.bss)
                0x000002e4        0x4 LONG 0x224 SIZEOF (.bss)
                0x000002e8        0x4 LONG 0x4000000 ADDR (.bss_RAM2)
                0x000002ec        0x4 LONG 0x0 SIZEOF (.bss_RAM2)
                0x000002f0        0x4 LONG 0x20060000 ADDR (.bss_RAM3)
                0x000002f4        0x4 LONG 0x0 SIZEOF (.bss_RAM3)
                0x000002f8        0x4 LONG 0x400ba000 ADDR (.bss_RAM4)
                0x000002fc        0x4 LONG 0x0 SIZEOF (.bss_RAM4)
                0x00000300                        __bss_section_table_end = .
                0x00000300                        __section_table_end = .
 *(SORT_BY_ALIGNMENT(.after_vectors*))
 .after_vectors.reset
                0x00000300       0x68 ./startup/startup_mcxn947_cm33_core0.o
                0x00000300                ResetISR
 .after_vectors.init_data
                0x00000368       0x1e ./startup/startup_mcxn947_cm33_core0.o
                0x00000368                data_init
 .after_vectors.init_bss
                0x00000386       0x12 ./startup/startup_mcxn947_cm33_core0.o
                0x00000386                bss_init
 .after_vectors
                0x00000398       0x16 ./startup/startup_mcxn947_cm33_core0.o
                0x00000398                NMI_Handler
                0x0000039c                MemManage_Handler
                0x0000039e                BusFault_Handler
                0x000003a0                UsageFault_Handler
                0x000003a2                SecureFault_Handler
                0x000003a4                SVC_Handler
                0x000003a6                DebugMon_Handler
                0x000003a8                PendSV_Handler
                0x000003aa                SysTick_Handler
                0x000003ac                PKC_ERR_DriverIRQHandler
                0x000003ac                QDC1_HOME_DriverIRQHandler
                0x000003ac                EDMA_0_CH5_DriverIRQHandler
                0x000003ac                EDMA_0_CH14_DriverIRQHandler
                0x000003ac                EDMA_1_CH0_DriverIRQHandler
                0x000003ac                I3C0_DriverIRQHandler
                0x000003ac                CMC0_DriverIRQHandler
                0x000003ac                EDMA_0_CH15_DriverIRQHandler
                0x000003ac                LPTMR0_DriverIRQHandler
                0x000003ac                EDMA_0_CH2_DriverIRQHandler
                0x000003ac                USB0_FS_DriverIRQHandler
                0x000003ac                FLEXPWM1_SUBMODULE1_DriverIRQHandler
                0x000003ac                FLEXPWM0_SUBMODULE1_DriverIRQHandler
                0x000003ac                SCG_DriverIRQHandler
                0x000003ac                EDMA_1_CH13_DriverIRQHandler
                0x000003ac                EDMA_1_CH11_DriverIRQHandler
                0x000003ac                FLEXPWM0_RELOAD_ERROR_DriverIRQHandler
                0x000003ac                QDC0_HOME_DriverIRQHandler
                0x000003ac                Reserved167_DriverIRQHandler
                0x000003ac                EDMA_1_CH9_DriverIRQHandler
                0x000003ac                SEC_VIO_DriverIRQHandler
                0x000003ac                ERM_MULTI_BIT_ERROR_DriverIRQHandler
                0x000003ac                GPIO31_DriverIRQHandler
                0x000003ac                EWM0_DriverIRQHandler
                0x000003ac                PKC_DriverIRQHandler
                0x000003ac                EDMA_0_CH10_DriverIRQHandler
                0x000003ac                USB1_HS_PHY_DriverIRQHandler
                0x000003ac                QDC0_IDX_DriverIRQHandler
                0x000003ac                ELS_DriverIRQHandler
                0x000003ac                Reserved166_DriverIRQHandler
                0x000003ac                EDMA_1_CH2_DriverIRQHandler
                0x000003ac                ETHERNET_DriverIRQHandler
                0x000003ac                QDC1_IDX_DriverIRQHandler
                0x000003ac                EDMA_1_CH14_DriverIRQHandler
                0x000003ac                FLEXPWM1_SUBMODULE3_DriverIRQHandler
                0x000003ac                EDMA_1_CH7_DriverIRQHandler
                0x000003ac                EDMA_1_CH6_DriverIRQHandler
                0x000003ac                DAC1_DriverIRQHandler
                0x000003ac                CTIMER2_DriverIRQHandler
                0x000003ac                EMVSIM0_DriverIRQHandler
                0x000003ac                ITRC0_DriverIRQHandler
                0x000003ac                EDMA_0_CH9_DriverIRQHandler
                0x000003ac                ETB0_DriverIRQHandler
                0x000003ac                WWDT1_DriverIRQHandler
                0x000003ac                Reserved80_DriverIRQHandler
                0x000003ac                IntDefaultHandler
                0x000003ac                ELS_ERR_DriverIRQHandler
                0x000003ac                FLEXIO_DriverIRQHandler
                0x000003ac                DAC0_DriverIRQHandler
                0x000003ac                MRT0_DriverIRQHandler
                0x000003ac                UTICK0_DriverIRQHandler
                0x000003ac                FLEXPWM0_SUBMODULE2_DriverIRQHandler
                0x000003ac                GPIO01_DriverIRQHandler
                0x000003ac                EDMA_0_CH3_DriverIRQHandler
                0x000003ac                WWDT0_DriverIRQHandler
                0x000003ac                USDHC0_DriverIRQHandler
                0x000003ac                GPIO00_DriverIRQHandler
                0x000003ac                EDMA_0_CH4_DriverIRQHandler
                0x000003ac                GPIO11_DriverIRQHandler
                0x000003ac                CTIMER4_DriverIRQHandler
                0x000003ac                BSP32_DriverIRQHandler
                0x000003ac                FLEXPWM0_FAULT_DriverIRQHandler
                0x000003ac                EDMA_1_CH1_DriverIRQHandler
                0x000003ac                SAI1_DriverIRQHandler
                0x000003ac                ERM_SINGLE_BIT_ERROR_DriverIRQHandler
                0x000003ac                GPIO21_DriverIRQHandler
                0x000003ac                FLEXPWM1_FAULT_DriverIRQHandler
                0x000003ac                GPIO30_DriverIRQHandler
                0x000003ac                CTIMER0_DriverIRQHandler
                0x000003ac                CTIMER1_DriverIRQHandler
                0x000003ac                QDC0_COMPARE_DriverIRQHandler
                0x000003ac                PINT0_DriverIRQHandler
                0x000003ac                ADC1_DriverIRQHandler
                0x000003ac                PQ_DriverIRQHandler
                0x000003ac                ETHERNET_MACLP_DriverIRQHandler
                0x000003ac                USB0_DCD_DriverIRQHandler
                0x000003ac                EDMA_0_CH11_DriverIRQHandler
                0x000003ac                MAILBOX_DriverIRQHandler
                0x000003ac                WUU_DriverIRQHandler
                0x000003ac                EDMA_0_CH6_DriverIRQHandler
                0x000003ac                CTIMER3_DriverIRQHandler
                0x000003ac                FLEXPWM1_SUBMODULE0_DriverIRQHandler
                0x000003ac                CDOG1_DriverIRQHandler
                0x000003ac                TSI_OUT_OF_SCAN_DriverIRQHandler
                0x000003ac                EDMA_1_CH4_DriverIRQHandler
                0x000003ac                PUF_DriverIRQHandler
                0x000003ac                SPC_DriverIRQHandler
                0x000003ac                RTC_DriverIRQHandler
                0x000003ac                VBAT0_DriverIRQHandler
                0x000003ac                Reserved65_DriverIRQHandler
                0x000003ac                HSCMP2_DriverIRQHandler
                0x000003ac                EDMA_0_CH0_DriverIRQHandler
                0x000003ac                EDMA_1_CH5_DriverIRQHandler
                0x000003ac                PDM_EVENT_DriverIRQHandler
                0x000003ac                Freqme_DriverIRQHandler
                0x000003ac                ETHERNET_PMT_DriverIRQHandler
                0x000003ac                FLEXPWM1_RELOAD_ERROR_DriverIRQHandler
                0x000003ac                FMU0_DriverIRQHandler
                0x000003ac                QDC1_COMPARE_DriverIRQHandler
                0x000003ac                EDMA_0_CH8_DriverIRQHandler
                0x000003ac                LPTMR1_DriverIRQHandler
                0x000003ac                GPIO40_DriverIRQHandler
                0x000003ac                CTI0_DriverIRQHandler
                0x000003ac                EDMA_1_CH3_DriverIRQHandler
                0x000003ac                EDMA_1_CH15_DriverIRQHandler
                0x000003ac                FLEXPWM1_SUBMODULE2_DriverIRQHandler
                0x000003ac                GPIO20_DriverIRQHandler
                0x000003ac                QDC1_WDG_SAB_DriverIRQHandler
                0x000003ac                EDMA_1_CH8_DriverIRQHandler
                0x000003ac                GDET_DriverIRQHandler
                0x000003ac                PORT_EFT_DriverIRQHandler
                0x000003ac                Reserved85_DriverIRQHandler
                0x000003ac                Reserved81_DriverIRQHandler
                0x000003ac                TSI_END_OF_SCAN_DriverIRQHandler
                0x000003ac                FLEXPWM0_SUBMODULE3_DriverIRQHandler
                0x000003ac                ADC0_DriverIRQHandler
                0x000003ac                OR_DriverIRQHandler
                0x000003ac                EDMA_0_CH13_DriverIRQHandler
                0x000003ac                USB1_HS_DriverIRQHandler
                0x000003ac                EDMA_0_CH1_DriverIRQHandler
                0x000003ac                DAC2_DriverIRQHandler
                0x000003ac                GPIO51_DriverIRQHandler
                0x000003ac                HSCMP0_DriverIRQHandler
                0x000003ac                EDMA_0_CH12_DriverIRQHandler
                0x000003ac                QDC0_WDG_SAB_DriverIRQHandler
                0x000003ac                CDOG0_DriverIRQHandler
                0x000003ac                CAN0_DriverIRQHandler
                0x000003ac                SMARTDMA_DriverIRQHandler
                0x000003ac                SAI0_DriverIRQHandler
                0x000003ac                EMVSIM1_DriverIRQHandler
                0x000003ac                I3C1_DriverIRQHandler
                0x000003ac                EDMA_0_CH7_DriverIRQHandler
                0x000003ac                HSCMP1_DriverIRQHandler
                0x000003ac                EDMA_1_CH10_DriverIRQHandler
                0x000003ac                EDMA_1_CH12_DriverIRQHandler
                0x000003ac                FLEXSPI0_DriverIRQHandler
                0x000003ac                GPIO50_DriverIRQHandler
                0x000003ac                GPIO10_DriverIRQHandler
                0x000003ac                SCT0_DriverIRQHandler
                0x000003ac                CAN1_DriverIRQHandler
                0x000003ac                PLU_DriverIRQHandler
                0x000003ac                FLEXPWM0_SUBMODULE0_DriverIRQHandler
                0x000003ac                OS_EVENT_DriverIRQHandler
                0x000003ac                SINC_FILTER_DriverIRQHandler
                0x000003ac                NPU_DriverIRQHandler
                0x000003ac                GPIO41_DriverIRQHandler
                0x000003ac                SEC_HYPERVISOR_CALL_DriverIRQHandler
 *(SORT_BY_ALIGNMENT(.text*))
 *fill*         0x000003ae        0x2 ff
 .text.DbgConsole_SendDataReliable
                0x000003b0       0x54 ./utilities/debug_console/fsl_debug_console.o
                0x000003b0                DbgConsole_SendDataReliable
 .text.DbgConsole_Init
                0x00000404      0x138 ./utilities/debug_console/fsl_debug_console.o
                0x00000404                DbgConsole_Init
 .text.DbgConsole_Vprintf
                0x0000053c       0x68 ./utilities/debug_console/fsl_debug_console.o
                0x0000053c                DbgConsole_Vprintf
 .text.__assertion_failed
                0x000005a4       0x2c ./utilities/fsl_assert.o
                0x000005a4                __assertion_failed
 .text.main     0x000005d0       0x34 ./source/MCXN947_Project.o
                0x000005d0                main
 .text.__sys_write
                0x00000604       0x7c ./source/retarget_itm.o
                0x00000604                __sys_write
 .text.CLOCK_IsPLL0Locked
                0x00000680       0x28 ./drivers/fsl_clock.o
 .text.CLOCK_SetupFROHFClocking
                0x000006a8       0x9c ./drivers/fsl_clock.o
                0x000006a8                CLOCK_SetupFROHFClocking
 .text.CLOCK_SetPll0MonitorMode
                0x00000744       0x38 ./drivers/fsl_clock.o
                0x00000744                CLOCK_SetPll0MonitorMode
 .text.CLOCK_SetFLASHAccessCyclesForFreq
                0x0000077c       0xf4 ./drivers/fsl_clock.o
                0x0000077c                CLOCK_SetFLASHAccessCyclesForFreq
 .text.CLOCK_AttachClk
                0x00000870       0xb0 ./drivers/fsl_clock.o
                0x00000870                CLOCK_AttachClk
 .text.CLOCK_SetClkDiv
                0x00000920       0x54 ./drivers/fsl_clock.o
                0x00000920                CLOCK_SetClkDiv
 .text.CLOCK_GetPLL0InClockRate
                0x00000974       0x58 ./drivers/fsl_clock.o
                0x00000974                CLOCK_GetPLL0InClockRate
 .text.CLOCK_SetPLL0Freq
                0x000009cc      0x10c ./drivers/fsl_clock.o
                0x000009cc                CLOCK_SetPLL0Freq
 .text.CLOCK_GetClk48MFreq
                0x00000ad8       0x2c ./drivers/fsl_clock.o
 .text.CLOCK_GetExtClkFreq
                0x00000b04       0x2c ./drivers/fsl_clock.o
 .text.CLOCK_GetOsc32KFreq
                0x00000b30       0x4c ./drivers/fsl_clock.o
 .text.findPll0PreDiv
                0x00000b7c       0x40 ./drivers/fsl_clock.o
 .text.findPll0PostDiv
                0x00000bbc       0x60 ./drivers/fsl_clock.o
 .text.findPll0MMult
                0x00000c1c       0xac ./drivers/fsl_clock.o
 .text.LP_FLEXCOMM_GetInterruptStatus
                0x00000cc8       0x28 ./drivers/fsl_lpflexcomm.o
                0x00000cc8                LP_FLEXCOMM_GetInterruptStatus
 .text.LP_FLEXCOMM_SetPeriph
                0x00000cf0       0x94 ./drivers/fsl_lpflexcomm.o
 .text.LP_FLEXCOMM_Init
                0x00000d84       0x58 ./drivers/fsl_lpflexcomm.o
                0x00000d84                LP_FLEXCOMM_Init
 .text.LP_FLEXCOMM_CommonIRQHandler
                0x00000ddc       0xb8 ./drivers/fsl_lpflexcomm.o
 .text.LPUART_GetInstance
                0x00000e94       0x4c ./drivers/fsl_lpuart.o
                0x00000e94                LPUART_GetInstance
 .text.LPUART_Init
                0x00000ee0      0x3b4 ./drivers/fsl_lpuart.o
                0x00000ee0                LPUART_Init
 .text.LPUART_GetDefaultConfig
                0x00001294       0x8c ./drivers/fsl_lpuart.o
                0x00001294                LPUART_GetDefaultConfig
 .text.LPUART_WriteBlocking
                0x00001320       0x68 ./drivers/fsl_lpuart.o
                0x00001320                LPUART_WriteBlocking
 .text.RESET_ClearPeripheralReset
                0x00001388       0x64 ./drivers/fsl_reset.o
                0x00001388                RESET_ClearPeripheralReset
 .text.SystemInit
                0x000013ec      0x124 ./device/system_MCXN947_cm33_core0.o
                0x000013ec                SystemInit
 .text.HAL_UartInitCommon
                0x00001510       0xe4 ./component/uart/fsl_adapter_lpuart.o
 .text.HAL_UartInit
                0x000015f4       0x84 ./component/uart/fsl_adapter_lpuart.o
                0x000015f4                HAL_UartInit
 .text.HAL_UartSendBlocking
                0x00001678       0x64 ./component/uart/fsl_adapter_lpuart.o
                0x00001678                HAL_UartSendBlocking
 .text.BOARD_InitDebugConsole
                0x000016dc       0x38 ./board/board.o
                0x000016dc                BOARD_InitDebugConsole
 .text.BOARD_BootClockPLL150M
                0x00001714       0x88 ./board/clock_config.o
                0x00001714                BOARD_BootClockPLL150M
 .text.PORT_SetPinConfig
                0x0000179c       0x38 ./board/pin_mux.o
 .text.BOARD_InitDEBUG_UARTPins
                0x000017d4       0x5c ./board/pin_mux.o
                0x000017d4                BOARD_InitDEBUG_UARTPins
 .text._initio  0x00001830       0x78 C:/nxp/MCUXpressoIDE_24.12.148/ide/plugins/com.nxp.mcuxpresso.tools.win32_24.12.0.202407110909/tools/bin/../lib/gcc/arm-none-eabi/13.2.1/../../../../arm-none-eabi/lib/thumb/v8-m.main+fp/hard\libcr_c.a(initio.o)
                0x00001830                _initio
 .text._Cwritebuf
                0x000018a8       0x6c C:/nxp/MCUXpressoIDE_24.12.148/ide/plugins/com.nxp.mcuxpresso.tools.win32_24.12.0.202407110909/tools/bin/../lib/gcc/arm-none-eabi/13.2.1/../../../../arm-none-eabi/lib/thumb/v8-m.main+fp/hard\libcr_c.a(_writebuf.o)
                0x000018a8                _Cwritebuf
 .text.fflush   0x00001914       0x3c C:/nxp/MCUXpressoIDE_24.12.148/ide/plugins/com.nxp.mcuxpresso.tools.win32_24.12.0.202407110909/tools/bin/../lib/gcc/arm-none-eabi/13.2.1/../../../../arm-none-eabi/lib/thumb/v8-m.main+fp/hard\libcr_c.a(fflush.o)
                0x00001914                fflush
 .text.fseek    0x00001950       0xf8 C:/nxp/MCUXpressoIDE_24.12.148/ide/plugins/com.nxp.mcuxpresso.tools.win32_24.12.0.202407110909/tools/bin/../lib/gcc/arm-none-eabi/13.2.1/../../../../arm-none-eabi/lib/thumb/v8-m.main+fp/hard\libcr_c.a(fseek.o)
                0x00001950                fseek
 .text.ftell    0x00001a48       0x44 C:/nxp/MCUXpressoIDE_24.12.148/ide/plugins/com.nxp.mcuxpresso.tools.win32_24.12.0.202407110909/tools/bin/../lib/gcc/arm-none-eabi/13.2.1/../../../../arm-none-eabi/lib/thumb/v8-m.main+fp/hard\libcr_c.a(ftell.o)
                0x00001a48                ftell
 .text.PrintGetWidth
                0x00001a8c       0x6a ./utilities/str/fsl_str.o
 .text.PrintGetPrecision
                0x00001af6       0x8c ./utilities/str/fsl_str.o
 .text.PrintIsobpu
                0x00001b82       0x38 ./utilities/str/fsl_str.o
 .text.PrintIsdi
                0x00001bba       0x2c ./utilities/str/fsl_str.o
 .text.PrintOutputdifFobpu
                0x00001be6       0x44 ./utilities/str/fsl_str.o
 .text.PrintOutputxX
                0x00001c2a       0x44 ./utilities/str/fsl_str.o
 .text.PrintIsfF
                0x00001c6e       0x2c ./utilities/str/fsl_str.o
 .text.PrintIsxX
                0x00001c9a       0x2c ./utilities/str/fsl_str.o
 .text.PrintFilterLengthFlag
                0x00001cc6       0x3e ./utilities/str/fsl_str.o
 .text.PrintGetRadixFromobpu
                0x00001d04       0x40 ./utilities/str/fsl_str.o
 .text.ConvertRadixNumToString
                0x00001d44       0xc2 ./utilities/str/fsl_str.o
 .text.StrFormatExaminedi
                0x00001e06       0x26 ./utilities/str/fsl_str.o
 .text.StrFormatExaminexX
                0x00001e2c       0x26 ./utilities/str/fsl_str.o
 .text.StrFormatExamineobpu
                0x00001e52       0x26 ./utilities/str/fsl_str.o
 .text.ConvertPrecisionWidthToLength
                0x00001e78       0x20 ./utilities/str/fsl_str.o
 .text.StrFormatPrintf
                0x00001e98      0x2bc ./utilities/str/fsl_str.o
                0x00001e98                StrFormatPrintf
 .text.DbgConsole_PrintCallback
                0x00002154       0x66 ./utilities/debug_console/fsl_debug_console.o
 .text.DbgConsole_Printf
                0x000021ba       0x2c ./utilities/debug_console/fsl_debug_console.o
                0x000021ba                DbgConsole_Printf
 .text.fsl_assert_hook
                0x000021e6       0x1a ./utilities/fsl_assert.o
                0x000021e6                fsl_assert_hook
 .text.OR_IRQHandler
                0x00002200        0x8 ./startup/startup_mcxn947_cm33_core0.o
                0x00002200                OR_IRQHandler
 .text.EDMA_0_CH0_IRQHandler
                0x00002208        0x8 ./startup/startup_mcxn947_cm33_core0.o
                0x00002208                EDMA_0_CH0_IRQHandler
 .text.EDMA_0_CH1_IRQHandler
                0x00002210        0x8 ./startup/startup_mcxn947_cm33_core0.o
                0x00002210                EDMA_0_CH1_IRQHandler
 .text.EDMA_0_CH2_IRQHandler
                0x00002218        0x8 ./startup/startup_mcxn947_cm33_core0.o
                0x00002218                EDMA_0_CH2_IRQHandler
 .text.EDMA_0_CH3_IRQHandler
                0x00002220        0x8 ./startup/startup_mcxn947_cm33_core0.o
                0x00002220                EDMA_0_CH3_IRQHandler
 .text.EDMA_0_CH4_IRQHandler
                0x00002228        0x8 ./startup/startup_mcxn947_cm33_core0.o
                0x00002228                EDMA_0_CH4_IRQHandler
 .text.EDMA_0_CH5_IRQHandler
                0x00002230        0x8 ./startup/startup_mcxn947_cm33_core0.o
                0x00002230                EDMA_0_CH5_IRQHandler
 .text.EDMA_0_CH6_IRQHandler
                0x00002238        0x8 ./startup/startup_mcxn947_cm33_core0.o
                0x00002238                EDMA_0_CH6_IRQHandler
 .text.EDMA_0_CH7_IRQHandler
                0x00002240        0x8 ./startup/startup_mcxn947_cm33_core0.o
                0x00002240                EDMA_0_CH7_IRQHandler
 .text.EDMA_0_CH8_IRQHandler
                0x00002248        0x8 ./startup/startup_mcxn947_cm33_core0.o
                0x00002248                EDMA_0_CH8_IRQHandler
 .text.EDMA_0_CH9_IRQHandler
                0x00002250        0x8 ./startup/startup_mcxn947_cm33_core0.o
                0x00002250                EDMA_0_CH9_IRQHandler
 .text.EDMA_0_CH10_IRQHandler
                0x00002258        0x8 ./startup/startup_mcxn947_cm33_core0.o
                0x00002258                EDMA_0_CH10_IRQHandler
 .text.EDMA_0_CH11_IRQHandler
                0x00002260        0x8 ./startup/startup_mcxn947_cm33_core0.o
                0x00002260                EDMA_0_CH11_IRQHandler
 .text.EDMA_0_CH12_IRQHandler
                0x00002268        0x8 ./startup/startup_mcxn947_cm33_core0.o
                0x00002268                EDMA_0_CH12_IRQHandler
 .text.EDMA_0_CH13_IRQHandler
                0x00002270        0x8 ./startup/startup_mcxn947_cm33_core0.o
                0x00002270                EDMA_0_CH13_IRQHandler
 .text.EDMA_0_CH14_IRQHandler
                0x00002278        0x8 ./startup/startup_mcxn947_cm33_core0.o
                0x00002278                EDMA_0_CH14_IRQHandler
 .text.EDMA_0_CH15_IRQHandler
                0x00002280        0x8 ./startup/startup_mcxn947_cm33_core0.o
                0x00002280                EDMA_0_CH15_IRQHandler
 .text.GPIO00_IRQHandler
                0x00002288        0x8 ./startup/startup_mcxn947_cm33_core0.o
                0x00002288                GPIO00_IRQHandler
 .text.GPIO01_IRQHandler
                0x00002290        0x8 ./startup/startup_mcxn947_cm33_core0.o
                0x00002290                GPIO01_IRQHandler
 .text.GPIO10_IRQHandler
                0x00002298        0x8 ./startup/startup_mcxn947_cm33_core0.o
                0x00002298                GPIO10_IRQHandler
 .text.GPIO11_IRQHandler
                0x000022a0        0x8 ./startup/startup_mcxn947_cm33_core0.o
                0x000022a0                GPIO11_IRQHandler
 .text.GPIO20_IRQHandler
                0x000022a8        0x8 ./startup/startup_mcxn947_cm33_core0.o
                0x000022a8                GPIO20_IRQHandler
 .text.GPIO21_IRQHandler
                0x000022b0        0x8 ./startup/startup_mcxn947_cm33_core0.o
                0x000022b0                GPIO21_IRQHandler
 .text.GPIO30_IRQHandler
                0x000022b8        0x8 ./startup/startup_mcxn947_cm33_core0.o
                0x000022b8                GPIO30_IRQHandler
 .text.GPIO31_IRQHandler
                0x000022c0        0x8 ./startup/startup_mcxn947_cm33_core0.o
                0x000022c0                GPIO31_IRQHandler
 .text.GPIO40_IRQHandler
                0x000022c8        0x8 ./startup/startup_mcxn947_cm33_core0.o
                0x000022c8                GPIO40_IRQHandler
 .text.GPIO41_IRQHandler
                0x000022d0        0x8 ./startup/startup_mcxn947_cm33_core0.o
                0x000022d0                GPIO41_IRQHandler
 .text.GPIO50_IRQHandler
                0x000022d8        0x8 ./startup/startup_mcxn947_cm33_core0.o
                0x000022d8                GPIO50_IRQHandler
 .text.GPIO51_IRQHandler
                0x000022e0        0x8 ./startup/startup_mcxn947_cm33_core0.o
                0x000022e0                GPIO51_IRQHandler
 .text.UTICK0_IRQHandler
                0x000022e8        0x8 ./startup/startup_mcxn947_cm33_core0.o
                0x000022e8                UTICK0_IRQHandler
 .text.MRT0_IRQHandler
                0x000022f0        0x8 ./startup/startup_mcxn947_cm33_core0.o
                0x000022f0                MRT0_IRQHandler
 .text.CTIMER0_IRQHandler
                0x000022f8        0x8 ./startup/startup_mcxn947_cm33_core0.o
                0x000022f8                CTIMER0_IRQHandler
 .text.CTIMER1_IRQHandler
                0x00002300        0x8 ./startup/startup_mcxn947_cm33_core0.o
                0x00002300                CTIMER1_IRQHandler
 .text.SCT0_IRQHandler
                0x00002308        0x8 ./startup/startup_mcxn947_cm33_core0.o
                0x00002308                SCT0_IRQHandler
 .text.CTIMER2_IRQHandler
                0x00002310        0x8 ./startup/startup_mcxn947_cm33_core0.o
                0x00002310                CTIMER2_IRQHandler
 .text.LP_FLEXCOMM0_IRQHandler
                0x00002318        0x8 ./startup/startup_mcxn947_cm33_core0.o
                0x00002318                LP_FLEXCOMM0_IRQHandler
 .text.LP_FLEXCOMM1_IRQHandler
                0x00002320        0x8 ./startup/startup_mcxn947_cm33_core0.o
                0x00002320                LP_FLEXCOMM1_IRQHandler
 .text.LP_FLEXCOMM2_IRQHandler
                0x00002328        0x8 ./startup/startup_mcxn947_cm33_core0.o
                0x00002328                LP_FLEXCOMM2_IRQHandler
 .text.LP_FLEXCOMM3_IRQHandler
                0x00002330        0x8 ./startup/startup_mcxn947_cm33_core0.o
                0x00002330                LP_FLEXCOMM3_IRQHandler
 .text.LP_FLEXCOMM4_IRQHandler
                0x00002338        0x8 ./startup/startup_mcxn947_cm33_core0.o
                0x00002338                LP_FLEXCOMM4_IRQHandler
 .text.LP_FLEXCOMM5_IRQHandler
                0x00002340        0x8 ./startup/startup_mcxn947_cm33_core0.o
                0x00002340                LP_FLEXCOMM5_IRQHandler
 .text.LP_FLEXCOMM6_IRQHandler
                0x00002348        0x8 ./startup/startup_mcxn947_cm33_core0.o
                0x00002348                LP_FLEXCOMM6_IRQHandler
 .text.LP_FLEXCOMM7_IRQHandler
                0x00002350        0x8 ./startup/startup_mcxn947_cm33_core0.o
                0x00002350                LP_FLEXCOMM7_IRQHandler
 .text.LP_FLEXCOMM8_IRQHandler
                0x00002358        0x8 ./startup/startup_mcxn947_cm33_core0.o
                0x00002358                LP_FLEXCOMM8_IRQHandler
 .text.LP_FLEXCOMM9_IRQHandler
                0x00002360        0x8 ./startup/startup_mcxn947_cm33_core0.o
                0x00002360                LP_FLEXCOMM9_IRQHandler
 .text.ADC0_IRQHandler
                0x00002368        0x8 ./startup/startup_mcxn947_cm33_core0.o
                0x00002368                ADC0_IRQHandler
 .text.ADC1_IRQHandler
                0x00002370        0x8 ./startup/startup_mcxn947_cm33_core0.o
                0x00002370                ADC1_IRQHandler
 .text.PINT0_IRQHandler
                0x00002378        0x8 ./startup/startup_mcxn947_cm33_core0.o
                0x00002378                PINT0_IRQHandler
 .text.PDM_EVENT_IRQHandler
                0x00002380        0x8 ./startup/startup_mcxn947_cm33_core0.o
                0x00002380                PDM_EVENT_IRQHandler
 .text.Reserved65_IRQHandler
                0x00002388        0x8 ./startup/startup_mcxn947_cm33_core0.o
                0x00002388                Reserved65_IRQHandler
 .text.USB0_FS_IRQHandler
                0x00002390        0x8 ./startup/startup_mcxn947_cm33_core0.o
                0x00002390                USB0_FS_IRQHandler
 .text.USB0_DCD_IRQHandler
                0x00002398        0x8 ./startup/startup_mcxn947_cm33_core0.o
                0x00002398                USB0_DCD_IRQHandler
 .text.RTC_IRQHandler
                0x000023a0        0x8 ./startup/startup_mcxn947_cm33_core0.o
                0x000023a0                RTC_IRQHandler
 .text.SMARTDMA_IRQHandler
                0x000023a8        0x8 ./startup/startup_mcxn947_cm33_core0.o
                0x000023a8                SMARTDMA_IRQHandler
 .text.MAILBOX_IRQHandler
                0x000023b0        0x8 ./startup/startup_mcxn947_cm33_core0.o
                0x000023b0                MAILBOX_IRQHandler
 .text.CTIMER3_IRQHandler
                0x000023b8        0x8 ./startup/startup_mcxn947_cm33_core0.o
                0x000023b8                CTIMER3_IRQHandler
 .text.CTIMER4_IRQHandler
                0x000023c0        0x8 ./startup/startup_mcxn947_cm33_core0.o
                0x000023c0                CTIMER4_IRQHandler
 .text.OS_EVENT_IRQHandler
                0x000023c8        0x8 ./startup/startup_mcxn947_cm33_core0.o
                0x000023c8                OS_EVENT_IRQHandler
 .text.FLEXSPI0_IRQHandler
                0x000023d0        0x8 ./startup/startup_mcxn947_cm33_core0.o
                0x000023d0                FLEXSPI0_IRQHandler
 .text.SAI0_IRQHandler
                0x000023d8        0x8 ./startup/startup_mcxn947_cm33_core0.o
                0x000023d8                SAI0_IRQHandler
 .text.SAI1_IRQHandler
                0x000023e0        0x8 ./startup/startup_mcxn947_cm33_core0.o
                0x000023e0                SAI1_IRQHandler
 .text.USDHC0_IRQHandler
                0x000023e8        0x8 ./startup/startup_mcxn947_cm33_core0.o
                0x000023e8                USDHC0_IRQHandler
 .text.CAN0_IRQHandler
                0x000023f0        0x8 ./startup/startup_mcxn947_cm33_core0.o
                0x000023f0                CAN0_IRQHandler
 .text.CAN1_IRQHandler
                0x000023f8        0x8 ./startup/startup_mcxn947_cm33_core0.o
                0x000023f8                CAN1_IRQHandler
 .text.Reserved80_IRQHandler
                0x00002400        0x8 ./startup/startup_mcxn947_cm33_core0.o
                0x00002400                Reserved80_IRQHandler
 .text.Reserved81_IRQHandler
                0x00002408        0x8 ./startup/startup_mcxn947_cm33_core0.o
                0x00002408                Reserved81_IRQHandler
 .text.USB1_HS_PHY_IRQHandler
                0x00002410        0x8 ./startup/startup_mcxn947_cm33_core0.o
                0x00002410                USB1_HS_PHY_IRQHandler
 .text.USB1_HS_IRQHandler
                0x00002418        0x8 ./startup/startup_mcxn947_cm33_core0.o
                0x00002418                USB1_HS_IRQHandler
 .text.SEC_HYPERVISOR_CALL_IRQHandler
                0x00002420        0x8 ./startup/startup_mcxn947_cm33_core0.o
                0x00002420                SEC_HYPERVISOR_CALL_IRQHandler
 .text.Reserved85_IRQHandler
                0x00002428        0x8 ./startup/startup_mcxn947_cm33_core0.o
                0x00002428                Reserved85_IRQHandler
 .text.PLU_IRQHandler
                0x00002430        0x8 ./startup/startup_mcxn947_cm33_core0.o
                0x00002430                PLU_IRQHandler
 .text.Freqme_IRQHandler
                0x00002438        0x8 ./startup/startup_mcxn947_cm33_core0.o
                0x00002438                Freqme_IRQHandler
 .text.SEC_VIO_IRQHandler
                0x00002440        0x8 ./startup/startup_mcxn947_cm33_core0.o
                0x00002440                SEC_VIO_IRQHandler
 .text.ELS_IRQHandler
                0x00002448        0x8 ./startup/startup_mcxn947_cm33_core0.o
                0x00002448                ELS_IRQHandler
 .text.PKC_IRQHandler
                0x00002450        0x8 ./startup/startup_mcxn947_cm33_core0.o
                0x00002450                PKC_IRQHandler
 .text.PUF_IRQHandler
                0x00002458        0x8 ./startup/startup_mcxn947_cm33_core0.o
                0x00002458                PUF_IRQHandler
 .text.PQ_IRQHandler
                0x00002460        0x8 ./startup/startup_mcxn947_cm33_core0.o
                0x00002460                PQ_IRQHandler
 .text.EDMA_1_CH0_IRQHandler
                0x00002468        0x8 ./startup/startup_mcxn947_cm33_core0.o
                0x00002468                EDMA_1_CH0_IRQHandler
 .text.EDMA_1_CH1_IRQHandler
                0x00002470        0x8 ./startup/startup_mcxn947_cm33_core0.o
                0x00002470                EDMA_1_CH1_IRQHandler
 .text.EDMA_1_CH2_IRQHandler
                0x00002478        0x8 ./startup/startup_mcxn947_cm33_core0.o
                0x00002478                EDMA_1_CH2_IRQHandler
 .text.EDMA_1_CH3_IRQHandler
                0x00002480        0x8 ./startup/startup_mcxn947_cm33_core0.o
                0x00002480                EDMA_1_CH3_IRQHandler
 .text.EDMA_1_CH4_IRQHandler
                0x00002488        0x8 ./startup/startup_mcxn947_cm33_core0.o
                0x00002488                EDMA_1_CH4_IRQHandler
 .text.EDMA_1_CH5_IRQHandler
                0x00002490        0x8 ./startup/startup_mcxn947_cm33_core0.o
                0x00002490                EDMA_1_CH5_IRQHandler
 .text.EDMA_1_CH6_IRQHandler
                0x00002498        0x8 ./startup/startup_mcxn947_cm33_core0.o
                0x00002498                EDMA_1_CH6_IRQHandler
 .text.EDMA_1_CH7_IRQHandler
                0x000024a0        0x8 ./startup/startup_mcxn947_cm33_core0.o
                0x000024a0                EDMA_1_CH7_IRQHandler
 .text.EDMA_1_CH8_IRQHandler
                0x000024a8        0x8 ./startup/startup_mcxn947_cm33_core0.o
                0x000024a8                EDMA_1_CH8_IRQHandler
 .text.EDMA_1_CH9_IRQHandler
                0x000024b0        0x8 ./startup/startup_mcxn947_cm33_core0.o
                0x000024b0                EDMA_1_CH9_IRQHandler
 .text.EDMA_1_CH10_IRQHandler
                0x000024b8        0x8 ./startup/startup_mcxn947_cm33_core0.o
                0x000024b8                EDMA_1_CH10_IRQHandler
 .text.EDMA_1_CH11_IRQHandler
                0x000024c0        0x8 ./startup/startup_mcxn947_cm33_core0.o
                0x000024c0                EDMA_1_CH11_IRQHandler
 .text.EDMA_1_CH12_IRQHandler
                0x000024c8        0x8 ./startup/startup_mcxn947_cm33_core0.o
                0x000024c8                EDMA_1_CH12_IRQHandler
 .text.EDMA_1_CH13_IRQHandler
                0x000024d0        0x8 ./startup/startup_mcxn947_cm33_core0.o
                0x000024d0                EDMA_1_CH13_IRQHandler
 .text.EDMA_1_CH14_IRQHandler
                0x000024d8        0x8 ./startup/startup_mcxn947_cm33_core0.o
                0x000024d8                EDMA_1_CH14_IRQHandler
 .text.EDMA_1_CH15_IRQHandler
                0x000024e0        0x8 ./startup/startup_mcxn947_cm33_core0.o
                0x000024e0                EDMA_1_CH15_IRQHandler
 .text.CDOG0_IRQHandler
                0x000024e8        0x8 ./startup/startup_mcxn947_cm33_core0.o
                0x000024e8                CDOG0_IRQHandler
 .text.CDOG1_IRQHandler
                0x000024f0        0x8 ./startup/startup_mcxn947_cm33_core0.o
                0x000024f0                CDOG1_IRQHandler
 .text.I3C0_IRQHandler
                0x000024f8        0x8 ./startup/startup_mcxn947_cm33_core0.o
                0x000024f8                I3C0_IRQHandler
 .text.I3C1_IRQHandler
                0x00002500        0x8 ./startup/startup_mcxn947_cm33_core0.o
                0x00002500                I3C1_IRQHandler
 .text.NPU_IRQHandler
                0x00002508        0x8 ./startup/startup_mcxn947_cm33_core0.o
                0x00002508                NPU_IRQHandler
 .text.GDET_IRQHandler
                0x00002510        0x8 ./startup/startup_mcxn947_cm33_core0.o
                0x00002510                GDET_IRQHandler
 .text.VBAT0_IRQHandler
                0x00002518        0x8 ./startup/startup_mcxn947_cm33_core0.o
                0x00002518                VBAT0_IRQHandler
 .text.EWM0_IRQHandler
                0x00002520        0x8 ./startup/startup_mcxn947_cm33_core0.o
                0x00002520                EWM0_IRQHandler
 .text.TSI_END_OF_SCAN_IRQHandler
                0x00002528        0x8 ./startup/startup_mcxn947_cm33_core0.o
                0x00002528                TSI_END_OF_SCAN_IRQHandler
 .text.TSI_OUT_OF_SCAN_IRQHandler
                0x00002530        0x8 ./startup/startup_mcxn947_cm33_core0.o
                0x00002530                TSI_OUT_OF_SCAN_IRQHandler
 .text.EMVSIM0_IRQHandler
                0x00002538        0x8 ./startup/startup_mcxn947_cm33_core0.o
                0x00002538                EMVSIM0_IRQHandler
 .text.EMVSIM1_IRQHandler
                0x00002540        0x8 ./startup/startup_mcxn947_cm33_core0.o
                0x00002540                EMVSIM1_IRQHandler
 .text.FLEXIO_IRQHandler
                0x00002548        0x8 ./startup/startup_mcxn947_cm33_core0.o
                0x00002548                FLEXIO_IRQHandler
 .text.DAC0_IRQHandler
                0x00002550        0x8 ./startup/startup_mcxn947_cm33_core0.o
                0x00002550                DAC0_IRQHandler
 .text.DAC1_IRQHandler
                0x00002558        0x8 ./startup/startup_mcxn947_cm33_core0.o
                0x00002558                DAC1_IRQHandler
 .text.DAC2_IRQHandler
                0x00002560        0x8 ./startup/startup_mcxn947_cm33_core0.o
                0x00002560                DAC2_IRQHandler
 .text.HSCMP0_IRQHandler
                0x00002568        0x8 ./startup/startup_mcxn947_cm33_core0.o
                0x00002568                HSCMP0_IRQHandler
 .text.HSCMP1_IRQHandler
                0x00002570        0x8 ./startup/startup_mcxn947_cm33_core0.o
                0x00002570                HSCMP1_IRQHandler
 .text.HSCMP2_IRQHandler
                0x00002578        0x8 ./startup/startup_mcxn947_cm33_core0.o
                0x00002578                HSCMP2_IRQHandler
 .text.FLEXPWM0_RELOAD_ERROR_IRQHandler
                0x00002580        0x8 ./startup/startup_mcxn947_cm33_core0.o
                0x00002580                FLEXPWM0_RELOAD_ERROR_IRQHandler
 .text.FLEXPWM0_FAULT_IRQHandler
                0x00002588        0x8 ./startup/startup_mcxn947_cm33_core0.o
                0x00002588                FLEXPWM0_FAULT_IRQHandler
 .text.FLEXPWM0_SUBMODULE0_IRQHandler
                0x00002590        0x8 ./startup/startup_mcxn947_cm33_core0.o
                0x00002590                FLEXPWM0_SUBMODULE0_IRQHandler
 .text.FLEXPWM0_SUBMODULE1_IRQHandler
                0x00002598        0x8 ./startup/startup_mcxn947_cm33_core0.o
                0x00002598                FLEXPWM0_SUBMODULE1_IRQHandler
 .text.FLEXPWM0_SUBMODULE2_IRQHandler
                0x000025a0        0x8 ./startup/startup_mcxn947_cm33_core0.o
                0x000025a0                FLEXPWM0_SUBMODULE2_IRQHandler
 .text.FLEXPWM0_SUBMODULE3_IRQHandler
                0x000025a8        0x8 ./startup/startup_mcxn947_cm33_core0.o
                0x000025a8                FLEXPWM0_SUBMODULE3_IRQHandler
 .text.FLEXPWM1_RELOAD_ERROR_IRQHandler
                0x000025b0        0x8 ./startup/startup_mcxn947_cm33_core0.o
                0x000025b0                FLEXPWM1_RELOAD_ERROR_IRQHandler
 .text.FLEXPWM1_FAULT_IRQHandler
                0x000025b8        0x8 ./startup/startup_mcxn947_cm33_core0.o
                0x000025b8                FLEXPWM1_FAULT_IRQHandler
 .text.FLEXPWM1_SUBMODULE0_IRQHandler
                0x000025c0        0x8 ./startup/startup_mcxn947_cm33_core0.o
                0x000025c0                FLEXPWM1_SUBMODULE0_IRQHandler
 .text.FLEXPWM1_SUBMODULE1_IRQHandler
                0x000025c8        0x8 ./startup/startup_mcxn947_cm33_core0.o
                0x000025c8                FLEXPWM1_SUBMODULE1_IRQHandler
 .text.FLEXPWM1_SUBMODULE2_IRQHandler
                0x000025d0        0x8 ./startup/startup_mcxn947_cm33_core0.o
                0x000025d0                FLEXPWM1_SUBMODULE2_IRQHandler
 .text.FLEXPWM1_SUBMODULE3_IRQHandler
                0x000025d8        0x8 ./startup/startup_mcxn947_cm33_core0.o
                0x000025d8                FLEXPWM1_SUBMODULE3_IRQHandler
 .text.QDC0_COMPARE_IRQHandler
                0x000025e0        0x8 ./startup/startup_mcxn947_cm33_core0.o
                0x000025e0                QDC0_COMPARE_IRQHandler
 .text.QDC0_HOME_IRQHandler
                0x000025e8        0x8 ./startup/startup_mcxn947_cm33_core0.o
                0x000025e8                QDC0_HOME_IRQHandler
 .text.QDC0_WDG_SAB_IRQHandler
                0x000025f0        0x8 ./startup/startup_mcxn947_cm33_core0.o
                0x000025f0                QDC0_WDG_SAB_IRQHandler
 .text.QDC0_IDX_IRQHandler
                0x000025f8        0x8 ./startup/startup_mcxn947_cm33_core0.o
                0x000025f8                QDC0_IDX_IRQHandler
 .text.QDC1_COMPARE_IRQHandler
                0x00002600        0x8 ./startup/startup_mcxn947_cm33_core0.o
                0x00002600                QDC1_COMPARE_IRQHandler
 .text.QDC1_HOME_IRQHandler
                0x00002608        0x8 ./startup/startup_mcxn947_cm33_core0.o
                0x00002608                QDC1_HOME_IRQHandler
 .text.QDC1_WDG_SAB_IRQHandler
                0x00002610        0x8 ./startup/startup_mcxn947_cm33_core0.o
                0x00002610                QDC1_WDG_SAB_IRQHandler
 .text.QDC1_IDX_IRQHandler
                0x00002618        0x8 ./startup/startup_mcxn947_cm33_core0.o
                0x00002618                QDC1_IDX_IRQHandler
 .text.ITRC0_IRQHandler
                0x00002620        0x8 ./startup/startup_mcxn947_cm33_core0.o
                0x00002620                ITRC0_IRQHandler
 .text.BSP32_IRQHandler
                0x00002628        0x8 ./startup/startup_mcxn947_cm33_core0.o
                0x00002628                BSP32_IRQHandler
 .text.ELS_ERR_IRQHandler
                0x00002630        0x8 ./startup/startup_mcxn947_cm33_core0.o
                0x00002630                ELS_ERR_IRQHandler
 .text.PKC_ERR_IRQHandler
                0x00002638        0x8 ./startup/startup_mcxn947_cm33_core0.o
                0x00002638                PKC_ERR_IRQHandler
 .text.ERM_SINGLE_BIT_ERROR_IRQHandler
                0x00002640        0x8 ./startup/startup_mcxn947_cm33_core0.o
                0x00002640                ERM_SINGLE_BIT_ERROR_IRQHandler
 .text.ERM_MULTI_BIT_ERROR_IRQHandler
                0x00002648        0x8 ./startup/startup_mcxn947_cm33_core0.o
                0x00002648                ERM_MULTI_BIT_ERROR_IRQHandler
 .text.FMU0_IRQHandler
                0x00002650        0x8 ./startup/startup_mcxn947_cm33_core0.o
                0x00002650                FMU0_IRQHandler
 .text.ETHERNET_IRQHandler
                0x00002658        0x8 ./startup/startup_mcxn947_cm33_core0.o
                0x00002658                ETHERNET_IRQHandler
 .text.ETHERNET_PMT_IRQHandler
                0x00002660        0x8 ./startup/startup_mcxn947_cm33_core0.o
                0x00002660                ETHERNET_PMT_IRQHandler
 .text.ETHERNET_MACLP_IRQHandler
                0x00002668        0x8 ./startup/startup_mcxn947_cm33_core0.o
                0x00002668                ETHERNET_MACLP_IRQHandler
 .text.SINC_FILTER_IRQHandler
                0x00002670        0x8 ./startup/startup_mcxn947_cm33_core0.o
                0x00002670                SINC_FILTER_IRQHandler
 .text.LPTMR0_IRQHandler
                0x00002678        0x8 ./startup/startup_mcxn947_cm33_core0.o
                0x00002678                LPTMR0_IRQHandler
 .text.LPTMR1_IRQHandler
                0x00002680        0x8 ./startup/startup_mcxn947_cm33_core0.o
                0x00002680                LPTMR1_IRQHandler
 .text.SCG_IRQHandler
                0x00002688        0x8 ./startup/startup_mcxn947_cm33_core0.o
                0x00002688                SCG_IRQHandler
 .text.SPC_IRQHandler
                0x00002690        0x8 ./startup/startup_mcxn947_cm33_core0.o
                0x00002690                SPC_IRQHandler
 .text.WUU_IRQHandler
                0x00002698        0x8 ./startup/startup_mcxn947_cm33_core0.o
                0x00002698                WUU_IRQHandler
 .text.PORT_EFT_IRQHandler
                0x000026a0        0x8 ./startup/startup_mcxn947_cm33_core0.o
                0x000026a0                PORT_EFT_IRQHandler
 .text.ETB0_IRQHandler
                0x000026a8        0x8 ./startup/startup_mcxn947_cm33_core0.o
                0x000026a8                ETB0_IRQHandler
 .text.Reserved166_IRQHandler
                0x000026b0        0x8 ./startup/startup_mcxn947_cm33_core0.o
                0x000026b0                Reserved166_IRQHandler
 .text.Reserved167_IRQHandler
                0x000026b8        0x8 ./startup/startup_mcxn947_cm33_core0.o
                0x000026b8                Reserved167_IRQHandler
 .text.WWDT0_IRQHandler
                0x000026c0        0x8 ./startup/startup_mcxn947_cm33_core0.o
                0x000026c0                WWDT0_IRQHandler
 .text.WWDT1_IRQHandler
                0x000026c8        0x8 ./startup/startup_mcxn947_cm33_core0.o
                0x000026c8                WWDT1_IRQHandler
 .text.CMC0_IRQHandler
                0x000026d0        0x8 ./startup/startup_mcxn947_cm33_core0.o
                0x000026d0                CMC0_IRQHandler
 .text.CTI0_IRQHandler
                0x000026d8        0x8 ./startup/startup_mcxn947_cm33_core0.o
                0x000026d8                CTI0_IRQHandler
 .text.HardFault_Handler
                0x000026e0       0x36 ./source/semihost_hardfault.o
                0x000026e0                HardFault_Handler
 .text.CLOCK_GetPll0OutFreq
                0x00002716       0x82 ./drivers/fsl_clock.o
                0x00002716                CLOCK_GetPll0OutFreq
 .text.CLOCK_EnableClock
                0x00002798       0x8c ./drivers/fsl_lpflexcomm.o
 .text.LP_FLEXCOMM_PeripheralIsPresent
                0x00002824       0x52 ./drivers/fsl_lpflexcomm.o
 .text.LP_FLEXCOMM0_DriverIRQHandler
                0x00002876        0xe ./drivers/fsl_lpflexcomm.o
                0x00002876                LP_FLEXCOMM0_DriverIRQHandler
 .text.LP_FLEXCOMM1_DriverIRQHandler
                0x00002884        0xe ./drivers/fsl_lpflexcomm.o
                0x00002884                LP_FLEXCOMM1_DriverIRQHandler
 .text.LP_FLEXCOMM2_DriverIRQHandler
                0x00002892        0xe ./drivers/fsl_lpflexcomm.o
                0x00002892                LP_FLEXCOMM2_DriverIRQHandler
 .text.LP_FLEXCOMM3_DriverIRQHandler
                0x000028a0        0xe ./drivers/fsl_lpflexcomm.o
                0x000028a0                LP_FLEXCOMM3_DriverIRQHandler
 .text.LP_FLEXCOMM4_DriverIRQHandler
                0x000028ae        0xe ./drivers/fsl_lpflexcomm.o
                0x000028ae                LP_FLEXCOMM4_DriverIRQHandler
 .text.LP_FLEXCOMM5_DriverIRQHandler
                0x000028bc        0xe ./drivers/fsl_lpflexcomm.o
                0x000028bc                LP_FLEXCOMM5_DriverIRQHandler
 .text.LP_FLEXCOMM6_DriverIRQHandler
                0x000028ca        0xe ./drivers/fsl_lpflexcomm.o
                0x000028ca                LP_FLEXCOMM6_DriverIRQHandler
 .text.LP_FLEXCOMM7_DriverIRQHandler
                0x000028d8        0xe ./drivers/fsl_lpflexcomm.o
                0x000028d8                LP_FLEXCOMM7_DriverIRQHandler
 .text.LP_FLEXCOMM8_DriverIRQHandler
                0x000028e6        0xe ./drivers/fsl_lpflexcomm.o
                0x000028e6                LP_FLEXCOMM8_DriverIRQHandler
 .text.LP_FLEXCOMM9_DriverIRQHandler
                0x000028f4        0xe ./drivers/fsl_lpflexcomm.o
                0x000028f4                LP_FLEXCOMM9_DriverIRQHandler
 .text.LPUART_SoftwareReset
                0x00002902       0x2c ./drivers/fsl_lpuart.o
 .text.SystemInitHook
                0x0000292e        0xe ./device/system_MCXN947_cm33_core0.o
                0x0000292e                SystemInitHook
 .text.HAL_UartGetStatus
                0x0000293c       0x28 ./component/uart/fsl_adapter_lpuart.o
 .text.DisableGlobalIRQ
                0x00002964       0x22 ./component/serial_manager/fsl_component_serial_manager.o
 .text.EnableGlobalIRQ
                0x00002986       0x20 ./component/serial_manager/fsl_component_serial_manager.o
 .text.SerialManager_StartWriting
                0x000029a6       0x38 ./component/serial_manager/fsl_component_serial_manager.o
 .text.SerialManager_Write
                0x000029de       0x44 ./component/serial_manager/fsl_component_serial_manager.o
 .text.SerialManager_Init
                0x00002a22       0x60 ./component/serial_manager/fsl_component_serial_manager.o
                0x00002a22                SerialManager_Init
 .text.SerialManager_OpenWriteHandle
                0x00002a82       0x50 ./component/serial_manager/fsl_component_serial_manager.o
                0x00002a82                SerialManager_OpenWriteHandle
 .text.SerialManager_OpenReadHandle
                0x00002ad2       0x60 ./component/serial_manager/fsl_component_serial_manager.o
                0x00002ad2                SerialManager_OpenReadHandle
 .text.SerialManager_WriteBlocking
                0x00002b32       0x20 ./component/serial_manager/fsl_component_serial_manager.o
                0x00002b32                SerialManager_WriteBlocking
 .text.Serial_UartInit
                0x00002b52       0x3e ./component/serial_manager/fsl_component_serial_port_uart.o
                0x00002b52                Serial_UartInit
 .text.Serial_UartWrite
                0x00002b90       0x38 ./component/serial_manager/fsl_component_serial_port_uart.o
                0x00002b90                Serial_UartWrite
 .text.CLOCK_EnableClock
                0x00002bc8       0x8c ./board/clock_config.o
 .text.BOARD_InitBootClocks
                0x00002c54        0xc ./board/clock_config.o
                0x00002c54                BOARD_InitBootClocks
 .text.BOARD_InitBootPeripherals
                0x00002c60        0xe ./board/peripherals.o
                0x00002c60                BOARD_InitBootPeripherals
 .text.CLOCK_EnableClock
                0x00002c6e       0x8c ./board/pin_mux.o
 .text.BOARD_InitBootPins
                0x00002cfa        0xc ./board/pin_mux.o
                0x00002cfa                BOARD_InitBootPins
 .text.__main   0x00002d06        0xe C:/nxp/MCUXpressoIDE_24.12.148/ide/plugins/com.nxp.mcuxpresso.tools.win32_24.12.0.202407110909/tools/bin/../lib/gcc/arm-none-eabi/13.2.1/../../../../arm-none-eabi/lib/thumb/v8-m.main+fp/hard\libcr_nohost_nf.a(_cr__main.o)
                0x00002d06                __main
 .text.memcpy   0x00002d14        0x4 C:/nxp/MCUXpressoIDE_24.12.148/ide/plugins/com.nxp.mcuxpresso.tools.win32_24.12.0.202407110909/tools/bin/../lib/gcc/arm-none-eabi/13.2.1/../../../../arm-none-eabi/lib/thumb/v8-m.main+fp/hard\libcr_c.a(memcpy.o)
                0x00002d14                memcpy
 .text.memset   0x00002d18        0x4 C:/nxp/MCUXpressoIDE_24.12.148/ide/plugins/com.nxp.mcuxpresso.tools.win32_24.12.0.202407110909/tools/bin/../lib/gcc/arm-none-eabi/13.2.1/../../../../arm-none-eabi/lib/thumb/v8-m.main+fp/hard\libcr_c.a(memset.o)
                0x00002d18                memset
 .text.free     0x00002d1c       0x30 C:/nxp/MCUXpressoIDE_24.12.148/ide/plugins/com.nxp.mcuxpresso.tools.win32_24.12.0.202407110909/tools/bin/../lib/gcc/arm-none-eabi/13.2.1/../../../../arm-none-eabi/lib/thumb/v8-m.main+fp/hard\libcr_c.a(alloc.o)
                0x00002d1c                free
 .text.setvbuf  0x00002d4c       0x3e C:/nxp/MCUXpressoIDE_24.12.148/ide/plugins/com.nxp.mcuxpresso.tools.win32_24.12.0.202407110909/tools/bin/../lib/gcc/arm-none-eabi/13.2.1/../../../../arm-none-eabi/lib/thumb/v8-m.main+fp/hard\libcr_c.a(setvbuf.o)
                0x00002d4c                setvbuf
 .text.strlen   0x00002d8a       0x4e C:/nxp/MCUXpressoIDE_24.12.148/ide/plugins/com.nxp.mcuxpresso.tools.win32_24.12.0.202407110909/tools/bin/../lib/gcc/arm-none-eabi/13.2.1/../../../../arm-none-eabi/lib/thumb/v8-m.main+fp/hard\libcr_c.a(strlen.o)
                0x00002d8a                strlen
 .text._deferredlazyseek
                0x00002dd8       0x40 C:/nxp/MCUXpressoIDE_24.12.148/ide/plugins/com.nxp.mcuxpresso.tools.win32_24.12.0.202407110909/tools/bin/../lib/gcc/arm-none-eabi/13.2.1/../../../../arm-none-eabi/lib/thumb/v8-m.main+fp/hard\libcr_c.a(_deferredlazyseek.o)
                0x00002dd8                _deferredlazyseek
 .text._fdopen  0x00002e18       0x68 C:/nxp/MCUXpressoIDE_24.12.148/ide/plugins/com.nxp.mcuxpresso.tools.win32_24.12.0.202407110909/tools/bin/../lib/gcc/arm-none-eabi/13.2.1/../../../../arm-none-eabi/lib/thumb/v8-m.main+fp/hard\libcr_c.a(_fdopen.o)
                0x00002e18                _fdopen
 .text._fflush  0x00002e80       0x52 C:/nxp/MCUXpressoIDE_24.12.148/ide/plugins/com.nxp.mcuxpresso.tools.win32_24.12.0.202407110909/tools/bin/../lib/gcc/arm-none-eabi/13.2.1/../../../../arm-none-eabi/lib/thumb/v8-m.main+fp/hard\libcr_c.a(_fflush.o)
                0x00002e80                _fflush
 .text.fclose   0x00002ed2       0x58 C:/nxp/MCUXpressoIDE_24.12.148/ide/plugins/com.nxp.mcuxpresso.tools.win32_24.12.0.202407110909/tools/bin/../lib/gcc/arm-none-eabi/13.2.1/../../../../arm-none-eabi/lib/thumb/v8-m.main+fp/hard\libcr_c.a(fclose.o)
                0x00002ed2                fclose
 .text.remove   0x00002f2a       0x14 C:/nxp/MCUXpressoIDE_24.12.148/ide/plugins/com.nxp.mcuxpresso.tools.win32_24.12.0.202407110909/tools/bin/../lib/gcc/arm-none-eabi/13.2.1/../../../../arm-none-eabi/lib/thumb/v8-m.main+fp/hard\libcr_c.a(remove.o)
                0x00002f2a                remove
 .text._do_fflush
                0x00002f3e       0x40 C:/nxp/MCUXpressoIDE_24.12.148/ide/plugins/com.nxp.mcuxpresso.tools.win32_24.12.0.202407110909/tools/bin/../lib/gcc/arm-none-eabi/13.2.1/../../../../arm-none-eabi/lib/thumb/v8-m.main+fp/hard\libcr_c.a(_do_fflush.o)
                0x00002f3e                _do_fflush
 .text.__aeabi_f2ulz
                0x00002f7e       0x3e C:/nxp/MCUXpressoIDE_24.12.148/ide/plugins/com.nxp.mcuxpresso.tools.win32_24.12.0.202407110909/tools/bin/../lib/gcc/arm-none-eabi/13.2.1/thumb/v8-m.main+fp/hard\libcr_eabihelpers.a(float.o)
                0x00002f7e                __aeabi_f2ulz
 .text.__aeabi_memcpy
                0x00002fbc       0x34 C:/nxp/MCUXpressoIDE_24.12.148/ide/plugins/com.nxp.mcuxpresso.tools.win32_24.12.0.202407110909/tools/bin/../lib/gcc/arm-none-eabi/13.2.1/thumb/v8-m.main+fp/hard\libcr_eabihelpers.a(memcpy.o)
                0x00002fbc                __aeabi_memcpy
                0x00002fc6                __aeabi_memcpy8
                0x00002fc6                __aeabi_memcpy4
 .text.__aeabi_memset_lowlevel
                0x00002ff0       0x32 C:/nxp/MCUXpressoIDE_24.12.148/ide/plugins/com.nxp.mcuxpresso.tools.win32_24.12.0.202407110909/tools/bin/../lib/gcc/arm-none-eabi/13.2.1/thumb/v8-m.main+fp/hard\libcr_eabihelpers.a(memcpy.o)
                0x00002ff0                __aeabi_lowlevel_memset
 .text.__sys_close
                0x00003022        0x6 C:/nxp/MCUXpressoIDE_24.12.148/ide/plugins/com.nxp.mcuxpresso.tools.win32_24.12.0.202407110909/tools/bin/../lib/gcc/arm-none-eabi/13.2.1/../../../../arm-none-eabi/lib/thumb/v8-m.main+fp/hard\libcr_nohost_nf.a(__sys_close.o)
                0x00003022                __sys_close
 .text.__sys_flen
                0x00003028        0x6 C:/nxp/MCUXpressoIDE_24.12.148/ide/plugins/com.nxp.mcuxpresso.tools.win32_24.12.0.202407110909/tools/bin/../lib/gcc/arm-none-eabi/13.2.1/../../../../arm-none-eabi/lib/thumb/v8-m.main+fp/hard\libcr_nohost_nf.a(__sys_flen.o)
                0x00003028                __sys_flen
 .text.__sys_istty
                0x0000302e        0x6 C:/nxp/MCUXpressoIDE_24.12.148/ide/plugins/com.nxp.mcuxpresso.tools.win32_24.12.0.202407110909/tools/bin/../lib/gcc/arm-none-eabi/13.2.1/../../../../arm-none-eabi/lib/thumb/v8-m.main+fp/hard\libcr_nohost_nf.a(__sys_istty.o)
                0x0000302e                __sys_istty
 .text.__sys_remove
                0x00003034        0x6 C:/nxp/MCUXpressoIDE_24.12.148/ide/plugins/com.nxp.mcuxpresso.tools.win32_24.12.0.202407110909/tools/bin/../lib/gcc/arm-none-eabi/13.2.1/../../../../arm-none-eabi/lib/thumb/v8-m.main+fp/hard\libcr_nohost_nf.a(__sys_remove.o)
                0x00003034                __sys_remove
 .text.__sys_seek
                0x0000303a        0x6 C:/nxp/MCUXpressoIDE_24.12.148/ide/plugins/com.nxp.mcuxpresso.tools.win32_24.12.0.202407110909/tools/bin/../lib/gcc/arm-none-eabi/13.2.1/../../../../arm-none-eabi/lib/thumb/v8-m.main+fp/hard\libcr_nohost_nf.a(__sys_seek.o)
                0x0000303a                __sys_seek
 .text.__sys_tmpnam
                0x00003040        0x6 C:/nxp/MCUXpressoIDE_24.12.148/ide/plugins/com.nxp.mcuxpresso.tools.win32_24.12.0.202407110909/tools/bin/../lib/gcc/arm-none-eabi/13.2.1/../../../../arm-none-eabi/lib/thumb/v8-m.main+fp/hard\libcr_nohost_nf.a(__sys_tmpnam.o)
                0x00003040                __sys_tmpnam
 *(SORT_BY_ALIGNMENT(.rodata) SORT_BY_ALIGNMENT(.rodata.*) SORT_BY_ALIGNMENT(.constdata) SORT_BY_ALIGNMENT(.constdata.*))
 *fill*         0x00003046        0x2 ff
 .rodata.__assertion_failed.str1.4
                0x00003048      0x445 ./utilities/fsl_assert.o
                                 0x14 (size before relaxing)
 .rodata.main.str1.4
                0x0000348d        0xe ./source/MCXN947_Project.o
 *fill*         0x0000348d        0x3 ff
 .rodata.s_lpflexcommBase
                0x00003490       0x28 ./drivers/fsl_lpflexcomm.o
 .rodata.s_lpflexcommClocks
                0x000034b8       0x14 ./drivers/fsl_lpflexcomm.o
 .rodata.s_lpflexcommResets
                0x000034cc       0x28 ./drivers/fsl_lpflexcomm.o
 .rodata.LP_FLEXCOMM_SetPeriph.str1.4
                0x000034f4       0x43 ./drivers/fsl_lpflexcomm.o
 .rodata.LP_FLEXCOMM_Init.str1.4
                0x000034f4       0x49 ./drivers/fsl_lpflexcomm.o
 .rodata.s_lpuartBases
                0x000034f4       0x28 ./drivers/fsl_lpuart.o
 .rodata.LPUART_GetInstance.str1.4
                0x0000351c       0x38 ./drivers/fsl_lpuart.o
 .rodata.LPUART_Init.str1.4
                0x0000351c      0x10a ./drivers/fsl_lpuart.o
 .rodata.LPUART_GetDefaultConfig.str1.4
                0x0000351c       0x22 ./drivers/fsl_lpuart.o
 .rodata.LPUART_WriteBlocking.str1.4
                0x0000351c       0x21 ./drivers/fsl_lpuart.o
 .rodata.RESET_ClearPeripheralReset.str1.4
                0x0000351c       0x1e ./drivers/fsl_reset.o
 .rodata.s_LpuartAdapterBase
                0x0000351c       0x28 ./component/uart/fsl_adapter_lpuart.o
 .rodata.HAL_UartInit.str1.4
                0x00003544      0x116 ./component/uart/fsl_adapter_lpuart.o
 .rodata.HAL_UartSendBlocking.str1.4
                0x00003544       0x7b ./component/uart/fsl_adapter_lpuart.o
 .rodata.PORT_SetPinConfig.str1.4
                0x00003544       0x51 ./board/pin_mux.o
 .rodata.__num_Ciob_streams
                0x00003544        0x4 C:/nxp/MCUXpressoIDE_24.12.148/ide/plugins/com.nxp.mcuxpresso.tools.win32_24.12.0.202407110909/tools/bin/../lib/gcc/arm-none-eabi/13.2.1/../../../../arm-none-eabi/lib/thumb/v8-m.main+fp/hard\libcr_nohost_nf.a(__ciob.o)
                0x00003544                __num_Ciob_streams
 .rodata._initio.str1.1
                0x00003548        0x4 C:/nxp/MCUXpressoIDE_24.12.148/ide/plugins/com.nxp.mcuxpresso.tools.win32_24.12.0.202407110909/tools/bin/../lib/gcc/arm-none-eabi/13.2.1/../../../../arm-none-eabi/lib/thumb/v8-m.main+fp/hard\libcr_c.a(initio.o)
                0x0000365c                        . = ALIGN (0x4)

.glue_7         0x0000354c        0x0
 .glue_7        0x0000354c        0x0 linker stubs

.glue_7t        0x0000354c        0x0
 .glue_7t       0x0000354c        0x0 linker stubs

.vfp11_veneer   0x0000354c        0x0
 .vfp11_veneer  0x0000354c        0x0 linker stubs

.v4_bx          0x0000354c        0x0
 .v4_bx         0x0000354c        0x0 linker stubs

.iplt           0x0000354c        0x0
 .iplt          0x0000354c        0x0 ./utilities/str/fsl_str.o

.rel.dyn        0x0000354c        0x0
 .rel.iplt      0x0000354c        0x0 ./utilities/str/fsl_str.o

.ARM.extab
 *(SORT_BY_ALIGNMENT(.ARM.extab*) SORT_BY_ALIGNMENT(.gnu.linkonce.armextab.*))

.ARM.exidx      0x0000354c        0x0
                0x0000354c                        __exidx_start = .
 *(SORT_BY_ALIGNMENT(.ARM.exidx*) SORT_BY_ALIGNMENT(.gnu.linkonce.armexidx.*))
                0x0000354c                        __exidx_end = .
                0x0000354c                        _etext = .

.m_usb_data
 *(SORT_BY_ALIGNMENT(m_usb_global))

.data_RAM2      0x04000000        0x0 load address 0x0000354c
 FILL mask 0xff
                [!provide]                        PROVIDE (__start_data_RAM2 = .)
                [!provide]                        PROVIDE (__start_data_SRAMX = .)
 *(SORT_BY_ALIGNMENT(.ramfunc.$RAM2))
 *(SORT_BY_ALIGNMENT(.ramfunc.$SRAMX))
 *(SORT_BY_ALIGNMENT(.data.$RAM2))
 *(SORT_BY_ALIGNMENT(.data.$SRAMX))
 *(SORT_BY_ALIGNMENT(.data.$RAM2.*))
 *(SORT_BY_ALIGNMENT(.data.$SRAMX.*))
                0x04000000                        . = ALIGN (0x4)
                [!provide]                        PROVIDE (__end_data_RAM2 = .)
                [!provide]                        PROVIDE (__end_data_SRAMX = .)

.data_RAM3      0x20060000        0x0 load address 0x0000354c
 FILL mask 0xff
                [!provide]                        PROVIDE (__start_data_RAM3 = .)
                [!provide]                        PROVIDE (__start_data_SRAMH = .)
 *(SORT_BY_ALIGNMENT(.ramfunc.$RAM3))
 *(SORT_BY_ALIGNMENT(.ramfunc.$SRAMH))
 *(SORT_BY_ALIGNMENT(.data.$RAM3))
 *(SORT_BY_ALIGNMENT(.data.$SRAMH))
 *(SORT_BY_ALIGNMENT(.data.$RAM3.*))
 *(SORT_BY_ALIGNMENT(.data.$SRAMH.*))
                0x20060000                        . = ALIGN (0x4)
                [!provide]                        PROVIDE (__end_data_RAM3 = .)
                [!provide]                        PROVIDE (__end_data_SRAMH = .)

.data_RAM4      0x400ba000        0x0 load address 0x0000354c
 FILL mask 0xff
                [!provide]                        PROVIDE (__start_data_RAM4 = .)
                [!provide]                        PROVIDE (__start_data_USB_RAM = .)
 *(SORT_BY_ALIGNMENT(.ramfunc.$RAM4))
 *(SORT_BY_ALIGNMENT(.ramfunc.$USB_RAM))
 *(SORT_BY_ALIGNMENT(.data.$RAM4))
 *(SORT_BY_ALIGNMENT(.data.$USB_RAM))
 *(SORT_BY_ALIGNMENT(.data.$RAM4.*))
 *(SORT_BY_ALIGNMENT(.data.$USB_RAM.*))
                0x400ba000                        . = ALIGN (0x4)
                [!provide]                        PROVIDE (__end_data_RAM4 = .)
                [!provide]                        PROVIDE (__end_data_USB_RAM = .)

.uninit_RESERVED
                0x20000000        0x0
                0x20000000                        _start_uninit_RESERVED = .
 *(SORT_BY_ALIGNMENT(.bss.$RESERVED*))
                0x20000000                        . = ALIGN (0x4)
                0x20000000                        _end_uninit_RESERVED = .

.data           0x20000000        0xc load address 0x0000354c
 FILL mask 0xff
                0x20000000                        _data = .
                [!provide]                        PROVIDE (__start_data_RAM = .)
                [!provide]                        PROVIDE (__start_data_SRAM = .)
 *(SORT_BY_ALIGNMENT(vtable))
 *(SORT_BY_ALIGNMENT(.ramfunc*))
 *(SORT_BY_ALIGNMENT(CodeQuickAccess))
 *(SORT_BY_ALIGNMENT(DataQuickAccess))
 *(SORT_BY_ALIGNMENT(RamFunction))
 *(SORT_BY_ALIGNMENT(.data*))
 .data.s_Ext_Clk_Freq
                0x20000000        0x4 ./drivers/fsl_clock.o
 .data.s_Xtal32_Freq
                0x20000004        0x4 ./drivers/fsl_clock.o
 .data.SystemCoreClock
                0x20000008        0x4 ./device/system_MCXN947_cm33_core0.o
                0x20000008                SystemCoreClock
                0x2000000c                        . = ALIGN (0x4)
                0x2000000c                        _edata = .
                [!provide]                        PROVIDE (__end_data_RAM = .)
                [!provide]                        PROVIDE (__end_data_SRAM = .)

.igot.plt       0x2000000c        0x0 load address 0x00003558
 .igot.plt      0x2000000c        0x0 ./utilities/str/fsl_str.o

.bss_RAM2       0x04000000        0x0
                [!provide]                        PROVIDE (__start_bss_RAM2 = .)
                [!provide]                        PROVIDE (__start_bss_SRAMX = .)
 *(SORT_BY_ALIGNMENT(.bss.$RAM2))
 *(SORT_BY_ALIGNMENT(.bss.$SRAMX))
 *(SORT_BY_ALIGNMENT(.bss.$RAM2.*))
 *(SORT_BY_ALIGNMENT(.bss.$SRAMX.*))
                0x04000000                        . = ALIGN ((. != 0x0)?0x4:0x1)
                [!provide]                        PROVIDE (__end_bss_RAM2 = .)
                [!provide]                        PROVIDE (__end_bss_SRAMX = .)

.bss_RAM3       0x20060000        0x0
                [!provide]                        PROVIDE (__start_bss_RAM3 = .)
                [!provide]                        PROVIDE (__start_bss_SRAMH = .)
 *(SORT_BY_ALIGNMENT(.bss.$RAM3))
 *(SORT_BY_ALIGNMENT(.bss.$SRAMH))
 *(SORT_BY_ALIGNMENT(.bss.$RAM3.*))
 *(SORT_BY_ALIGNMENT(.bss.$SRAMH.*))
                0x20060000                        . = ALIGN ((. != 0x0)?0x4:0x1)
                [!provide]                        PROVIDE (__end_bss_RAM3 = .)
                [!provide]                        PROVIDE (__end_bss_SRAMH = .)

.bss_RAM4       0x400ba000        0x0
                [!provide]                        PROVIDE (__start_bss_RAM4 = .)
                [!provide]                        PROVIDE (__start_bss_USB_RAM = .)
 *(SORT_BY_ALIGNMENT(.bss.$RAM4))
 *(SORT_BY_ALIGNMENT(.bss.$USB_RAM))
 *(SORT_BY_ALIGNMENT(.bss.$RAM4.*))
 *(SORT_BY_ALIGNMENT(.bss.$USB_RAM.*))
                0x400ba000                        . = ALIGN ((. != 0x0)?0x4:0x1)
                [!provide]                        PROVIDE (__end_bss_RAM4 = .)
                [!provide]                        PROVIDE (__end_bss_USB_RAM = .)

.bss            0x2000000c      0x224
                0x2000000c                        _bss = .
                [!provide]                        PROVIDE (__start_bss_RAM = .)
                [!provide]                        PROVIDE (__start_bss_SRAM = .)
 *(SORT_BY_ALIGNMENT(.bss*))
 .bss.s_debugConsoleState
                0x2000000c       0x20 ./utilities/debug_console/fsl_debug_console.o
 .bss.g_serialHandle
                0x2000002c        0x4 ./utilities/debug_console/fsl_debug_console.o
                0x2000002c                g_serialHandle
 .bss.i.0       0x20000030        0x4 ./source/MCXN947_Project.o
 .bss.s_lpflexcommIrqHandler
                0x20000034       0xa0 ./drivers/fsl_lpflexcomm.o
 .bss.s_lpflexcommHandle
                0x200000d4       0xa0 ./drivers/fsl_lpflexcomm.o
 .bss.errno     0x20000174        0x4 C:/nxp/MCUXpressoIDE_24.12.148/ide/plugins/com.nxp.mcuxpresso.tools.win32_24.12.0.202407110909/tools/bin/../lib/gcc/arm-none-eabi/13.2.1/../../../../arm-none-eabi/lib/thumb/v8-m.main+fp/hard\libcr_c.a(errno.o)
                0x20000174                errno
 .bss.__Ciob    0x20000178       0xb4 C:/nxp/MCUXpressoIDE_24.12.148/ide/plugins/com.nxp.mcuxpresso.tools.win32_24.12.0.202407110909/tools/bin/../lib/gcc/arm-none-eabi/13.2.1/../../../../arm-none-eabi/lib/thumb/v8-m.main+fp/hard\libcr_nohost_nf.a(__ciob.o)
                0x20000178                __Ciob
 .bss.s_debugConsoleReadWaitSemaphore
                0x2000022c        0x1 ./utilities/debug_console/fsl_debug_console.o
 *(SORT_BY_ALIGNMENT(COMMON))
                0x20000230                        . = ALIGN (0x4)
 *fill*         0x2000022d        0x3 
                0x20000230                        _ebss = .
                [!provide]                        PROVIDE (__end_bss_RAM = .)
                [!provide]                        PROVIDE (__end_bss_SRAM = .)
                [!provide]                        PROVIDE (end = .)

.noinit_RAM2    0x04000000        0x0
                [!provide]                        PROVIDE (__start_noinit_RAM2 = .)
                [!provide]                        PROVIDE (__start_noinit_SRAMX = .)
 *(SORT_BY_ALIGNMENT(.noinit.$RAM2))
 *(SORT_BY_ALIGNMENT(.noinit.$SRAMX))
 *(SORT_BY_ALIGNMENT(.noinit.$RAM2.*))
 *(SORT_BY_ALIGNMENT(.noinit.$SRAMX.*))
                0x04000000                        . = ALIGN (0x4)
                [!provide]                        PROVIDE (__end_noinit_RAM2 = .)
                [!provide]                        PROVIDE (__end_noinit_SRAMX = .)

.noinit_RAM3    0x20060000        0x0
                [!provide]                        PROVIDE (__start_noinit_RAM3 = .)
                [!provide]                        PROVIDE (__start_noinit_SRAMH = .)
 *(SORT_BY_ALIGNMENT(.noinit.$RAM3))
 *(SORT_BY_ALIGNMENT(.noinit.$SRAMH))
 *(SORT_BY_ALIGNMENT(.noinit.$RAM3.*))
 *(SORT_BY_ALIGNMENT(.noinit.$SRAMH.*))
                0x20060000                        . = ALIGN (0x4)
                [!provide]                        PROVIDE (__end_noinit_RAM3 = .)
                [!provide]                        PROVIDE (__end_noinit_SRAMH = .)

.noinit_RAM4    0x400ba000        0x0
                [!provide]                        PROVIDE (__start_noinit_RAM4 = .)
                [!provide]                        PROVIDE (__start_noinit_USB_RAM = .)
 *(SORT_BY_ALIGNMENT(.noinit.$RAM4))
 *(SORT_BY_ALIGNMENT(.noinit.$USB_RAM))
 *(SORT_BY_ALIGNMENT(.noinit.$RAM4.*))
 *(SORT_BY_ALIGNMENT(.noinit.$USB_RAM.*))
                0x400ba000                        . = ALIGN (0x4)
                [!provide]                        PROVIDE (__end_noinit_RAM4 = .)
                [!provide]                        PROVIDE (__end_noinit_USB_RAM = .)

.noinit         0x20000230        0x0
                0x20000230                        _noinit = .
                [!provide]                        PROVIDE (__start_noinit_RAM = .)
                [!provide]                        PROVIDE (__start_noinit_SRAM = .)
 *(SORT_BY_ALIGNMENT(.noinit*))
                0x20000230                        . = ALIGN (0x4)
                0x20000230                        _end_noinit = .
                [!provide]                        PROVIDE (__end_noinit_RAM = .)
                [!provide]                        PROVIDE (__end_noinit_SRAM = .)
                0x00001000                        _HeapSize = 0x1000

.heap           0x20000230     0x1000
                0x20000230                        _pvHeapStart = .
                0x20001230                        . = (. + _HeapSize)
 *fill*         0x20000230     0x1000 
                0x20001230                        . = ALIGN (0x4)
                0x20001230                        _pvHeapLimit = .
                0x00001000                        _StackSize = 0x1000

.heap2stackfill
                0x20001230     0x1000
                0x20002230                        . = (. + _StackSize)
 *fill*         0x20001230     0x1000 

.stack          0x2005f000        0x0
                0x2005f000                        _vStackBase = .
                0x2005f000                        . = ALIGN (0x4)
                0x20060000                        _vStackTop = (. + _StackSize)
                0x00000000                        _image_start = LOADADDR (.text)
                0x00003558                        _image_end = (LOADADDR (.data) + SIZEOF (.data))
                0x00003558                        _image_size = (_image_end - _image_start)
OUTPUT(MCXN947_Project.axf elf32-littlearm)
LOAD linker stubs

.debug_info     0x00000000    0x1aa94
 .debug_info    0x00000000      0xd5d ./utilities/str/fsl_str.o
 .debug_info    0x00000d5d      0xe2d ./utilities/debug_console/fsl_debug_console.o
 .debug_info    0x00001b8a      0x12e ./utilities/fsl_assert.o
 .debug_info    0x00001cb8     0x14b6 ./startup/startup_mcxn947_cm33_core0.o
 .debug_info    0x0000316e       0xf3 ./source/MCXN947_Project.o
 .debug_info    0x00003261      0x137 ./source/retarget_itm.o
 .debug_info    0x00003398       0x3c ./source/semihost_hardfault.o
 .debug_info    0x000033d4     0x5193 ./drivers/fsl_clock.o
 .debug_info    0x00008567     0x231a ./drivers/fsl_lpflexcomm.o
 .debug_info    0x0000a881     0x23dd ./drivers/fsl_lpuart.o
 .debug_info    0x0000cc5e     0x129f ./drivers/fsl_reset.o
 .debug_info    0x0000defd     0x15e4 ./device/system_MCXN947_cm33_core0.o
 .debug_info    0x0000f4e1      0xe4d ./component/uart/fsl_adapter_lpuart.o
 .debug_info    0x0001032e      0xda1 ./component/serial_manager/fsl_component_serial_manager.o
 .debug_info    0x000110cf      0x551 ./component/serial_manager/fsl_component_serial_port_uart.o
 .debug_info    0x00011620     0x12e2 ./board/board.o
 .debug_info    0x00012902     0x2230 ./board/clock_config.o
 .debug_info    0x00014b32       0x3c ./board/peripherals.o
 .debug_info    0x00014b6e     0x1a11 ./board/pin_mux.o
 .debug_info    0x0001657f       0x85 C:/nxp/MCUXpressoIDE_24.12.148/ide/plugins/com.nxp.mcuxpresso.tools.win32_24.12.0.202407110909/tools/bin/../lib/gcc/arm-none-eabi/13.2.1/../../../../arm-none-eabi/lib/thumb/v8-m.main+fp/hard\libcr_nohost_nf.a(_cr__main.o)
 .debug_info    0x00016604      0x12b C:/nxp/MCUXpressoIDE_24.12.148/ide/plugins/com.nxp.mcuxpresso.tools.win32_24.12.0.202407110909/tools/bin/../lib/gcc/arm-none-eabi/13.2.1/../../../../arm-none-eabi/lib/thumb/v8-m.main+fp/hard\libcr_c.a(memcpy.o)
 .debug_info    0x0001672f       0xfc C:/nxp/MCUXpressoIDE_24.12.148/ide/plugins/com.nxp.mcuxpresso.tools.win32_24.12.0.202407110909/tools/bin/../lib/gcc/arm-none-eabi/13.2.1/../../../../arm-none-eabi/lib/thumb/v8-m.main+fp/hard\libcr_c.a(memset.o)
 .debug_info    0x0001682b      0x520 C:/nxp/MCUXpressoIDE_24.12.148/ide/plugins/com.nxp.mcuxpresso.tools.win32_24.12.0.202407110909/tools/bin/../lib/gcc/arm-none-eabi/13.2.1/../../../../arm-none-eabi/lib/thumb/v8-m.main+fp/hard\libcr_c.a(alloc.o)
 .debug_info    0x00016d4b       0x44 C:/nxp/MCUXpressoIDE_24.12.148/ide/plugins/com.nxp.mcuxpresso.tools.win32_24.12.0.202407110909/tools/bin/../lib/gcc/arm-none-eabi/13.2.1/../../../../arm-none-eabi/lib/thumb/v8-m.main+fp/hard\libcr_c.a(errno.o)
 .debug_info    0x00016d8f      0x339 C:/nxp/MCUXpressoIDE_24.12.148/ide/plugins/com.nxp.mcuxpresso.tools.win32_24.12.0.202407110909/tools/bin/../lib/gcc/arm-none-eabi/13.2.1/../../../../arm-none-eabi/lib/thumb/v8-m.main+fp/hard\libcr_c.a(initio.o)
 .debug_info    0x000170c8      0x1fd C:/nxp/MCUXpressoIDE_24.12.148/ide/plugins/com.nxp.mcuxpresso.tools.win32_24.12.0.202407110909/tools/bin/../lib/gcc/arm-none-eabi/13.2.1/../../../../arm-none-eabi/lib/thumb/v8-m.main+fp/hard\libcr_c.a(setvbuf.o)
 .debug_info    0x000172c5       0xe1 C:/nxp/MCUXpressoIDE_24.12.148/ide/plugins/com.nxp.mcuxpresso.tools.win32_24.12.0.202407110909/tools/bin/../lib/gcc/arm-none-eabi/13.2.1/../../../../arm-none-eabi/lib/thumb/v8-m.main+fp/hard\libcr_c.a(strlen.o)
 .debug_info    0x000173a6      0x369 C:/nxp/MCUXpressoIDE_24.12.148/ide/plugins/com.nxp.mcuxpresso.tools.win32_24.12.0.202407110909/tools/bin/../lib/gcc/arm-none-eabi/13.2.1/../../../../arm-none-eabi/lib/thumb/v8-m.main+fp/hard\libcr_c.a(_deferredlazyseek.o)
 .debug_info    0x0001770f      0x24b C:/nxp/MCUXpressoIDE_24.12.148/ide/plugins/com.nxp.mcuxpresso.tools.win32_24.12.0.202407110909/tools/bin/../lib/gcc/arm-none-eabi/13.2.1/../../../../arm-none-eabi/lib/thumb/v8-m.main+fp/hard\libcr_c.a(_fdopen.o)
 .debug_info    0x0001795a      0x1e3 C:/nxp/MCUXpressoIDE_24.12.148/ide/plugins/com.nxp.mcuxpresso.tools.win32_24.12.0.202407110909/tools/bin/../lib/gcc/arm-none-eabi/13.2.1/../../../../arm-none-eabi/lib/thumb/v8-m.main+fp/hard\libcr_c.a(_fflush.o)
 .debug_info    0x00017b3d      0x289 C:/nxp/MCUXpressoIDE_24.12.148/ide/plugins/com.nxp.mcuxpresso.tools.win32_24.12.0.202407110909/tools/bin/../lib/gcc/arm-none-eabi/13.2.1/../../../../arm-none-eabi/lib/thumb/v8-m.main+fp/hard\libcr_c.a(_writebuf.o)
 .debug_info    0x00017dc6      0x318 C:/nxp/MCUXpressoIDE_24.12.148/ide/plugins/com.nxp.mcuxpresso.tools.win32_24.12.0.202407110909/tools/bin/../lib/gcc/arm-none-eabi/13.2.1/../../../../arm-none-eabi/lib/thumb/v8-m.main+fp/hard\libcr_c.a(fclose.o)
 .debug_info    0x000180de      0x209 C:/nxp/MCUXpressoIDE_24.12.148/ide/plugins/com.nxp.mcuxpresso.tools.win32_24.12.0.202407110909/tools/bin/../lib/gcc/arm-none-eabi/13.2.1/../../../../arm-none-eabi/lib/thumb/v8-m.main+fp/hard\libcr_c.a(fflush.o)
 .debug_info    0x000182e7      0x276 C:/nxp/MCUXpressoIDE_24.12.148/ide/plugins/com.nxp.mcuxpresso.tools.win32_24.12.0.202407110909/tools/bin/../lib/gcc/arm-none-eabi/13.2.1/../../../../arm-none-eabi/lib/thumb/v8-m.main+fp/hard\libcr_c.a(fseek.o)
 .debug_info    0x0001855d      0x197 C:/nxp/MCUXpressoIDE_24.12.148/ide/plugins/com.nxp.mcuxpresso.tools.win32_24.12.0.202407110909/tools/bin/../lib/gcc/arm-none-eabi/13.2.1/../../../../arm-none-eabi/lib/thumb/v8-m.main+fp/hard\libcr_c.a(ftell.o)
 .debug_info    0x000186f4      0x1d7 C:/nxp/MCUXpressoIDE_24.12.148/ide/plugins/com.nxp.mcuxpresso.tools.win32_24.12.0.202407110909/tools/bin/../lib/gcc/arm-none-eabi/13.2.1/../../../../arm-none-eabi/lib/thumb/v8-m.main+fp/hard\libcr_c.a(remove.o)
 .debug_info    0x000188cb      0x23a C:/nxp/MCUXpressoIDE_24.12.148/ide/plugins/com.nxp.mcuxpresso.tools.win32_24.12.0.202407110909/tools/bin/../lib/gcc/arm-none-eabi/13.2.1/../../../../arm-none-eabi/lib/thumb/v8-m.main+fp/hard\libcr_c.a(_do_fflush.o)
 .debug_info    0x00018b05     0x1b31 C:/nxp/MCUXpressoIDE_24.12.148/ide/plugins/com.nxp.mcuxpresso.tools.win32_24.12.0.202407110909/tools/bin/../lib/gcc/arm-none-eabi/13.2.1/thumb/v8-m.main+fp/hard\libcr_eabihelpers.a(float.o)
 .debug_info    0x0001a636      0x18b C:/nxp/MCUXpressoIDE_24.12.148/ide/plugins/com.nxp.mcuxpresso.tools.win32_24.12.0.202407110909/tools/bin/../lib/gcc/arm-none-eabi/13.2.1/../../../../arm-none-eabi/lib/thumb/v8-m.main+fp/hard\libcr_nohost_nf.a(__ciob.o)
 .debug_info    0x0001a7c1       0x6a C:/nxp/MCUXpressoIDE_24.12.148/ide/plugins/com.nxp.mcuxpresso.tools.win32_24.12.0.202407110909/tools/bin/../lib/gcc/arm-none-eabi/13.2.1/../../../../arm-none-eabi/lib/thumb/v8-m.main+fp/hard\libcr_nohost_nf.a(__sys_close.o)
 .debug_info    0x0001a82b       0x6a C:/nxp/MCUXpressoIDE_24.12.148/ide/plugins/com.nxp.mcuxpresso.tools.win32_24.12.0.202407110909/tools/bin/../lib/gcc/arm-none-eabi/13.2.1/../../../../arm-none-eabi/lib/thumb/v8-m.main+fp/hard\libcr_nohost_nf.a(__sys_flen.o)
 .debug_info    0x0001a895       0x6a C:/nxp/MCUXpressoIDE_24.12.148/ide/plugins/com.nxp.mcuxpresso.tools.win32_24.12.0.202407110909/tools/bin/../lib/gcc/arm-none-eabi/13.2.1/../../../../arm-none-eabi/lib/thumb/v8-m.main+fp/hard\libcr_nohost_nf.a(__sys_istty.o)
 .debug_info    0x0001a8ff       0x8a C:/nxp/MCUXpressoIDE_24.12.148/ide/plugins/com.nxp.mcuxpresso.tools.win32_24.12.0.202407110909/tools/bin/../lib/gcc/arm-none-eabi/13.2.1/../../../../arm-none-eabi/lib/thumb/v8-m.main+fp/hard\libcr_nohost_nf.a(__sys_remove.o)
 .debug_info    0x0001a989       0x78 C:/nxp/MCUXpressoIDE_24.12.148/ide/plugins/com.nxp.mcuxpresso.tools.win32_24.12.0.202407110909/tools/bin/../lib/gcc/arm-none-eabi/13.2.1/../../../../arm-none-eabi/lib/thumb/v8-m.main+fp/hard\libcr_nohost_nf.a(__sys_seek.o)
 .debug_info    0x0001aa01       0x93 C:/nxp/MCUXpressoIDE_24.12.148/ide/plugins/com.nxp.mcuxpresso.tools.win32_24.12.0.202407110909/tools/bin/../lib/gcc/arm-none-eabi/13.2.1/../../../../arm-none-eabi/lib/thumb/v8-m.main+fp/hard\libcr_nohost_nf.a(__sys_tmpnam.o)

.debug_abbrev   0x00000000     0x3ca2
 .debug_abbrev  0x00000000      0x270 ./utilities/str/fsl_str.o
 .debug_abbrev  0x00000270      0x270 ./utilities/debug_console/fsl_debug_console.o
 .debug_abbrev  0x000004e0       0xbd ./utilities/fsl_assert.o
 .debug_abbrev  0x0000059d      0x147 ./startup/startup_mcxn947_cm33_core0.o
 .debug_abbrev  0x000006e4       0xa7 ./source/MCXN947_Project.o
 .debug_abbrev  0x0000078b       0x9f ./source/retarget_itm.o
 .debug_abbrev  0x0000082a       0x31 ./source/semihost_hardfault.o
 .debug_abbrev  0x0000085b      0x359 ./drivers/fsl_clock.o
 .debug_abbrev  0x00000bb4      0x352 ./drivers/fsl_lpflexcomm.o
 .debug_abbrev  0x00000f06      0x465 ./drivers/fsl_lpuart.o
 .debug_abbrev  0x0000136b      0x17d ./drivers/fsl_reset.o
 .debug_abbrev  0x000014e8      0x185 ./device/system_MCXN947_cm33_core0.o
 .debug_abbrev  0x0000166d      0x238 ./component/uart/fsl_adapter_lpuart.o
 .debug_abbrev  0x000018a5      0x2bb ./component/serial_manager/fsl_component_serial_manager.o
 .debug_abbrev  0x00001b60      0x18c ./component/serial_manager/fsl_component_serial_port_uart.o
 .debug_abbrev  0x00001cec      0x1e6 ./board/board.o
 .debug_abbrev  0x00001ed2      0x21d ./board/clock_config.o
 .debug_abbrev  0x000020ef       0x31 ./board/peripherals.o
 .debug_abbrev  0x00002120      0x262 ./board/pin_mux.o
 .debug_abbrev  0x00002382       0x70 C:/nxp/MCUXpressoIDE_24.12.148/ide/plugins/com.nxp.mcuxpresso.tools.win32_24.12.0.202407110909/tools/bin/../lib/gcc/arm-none-eabi/13.2.1/../../../../arm-none-eabi/lib/thumb/v8-m.main+fp/hard\libcr_nohost_nf.a(_cr__main.o)
 .debug_abbrev  0x000023f2       0xb6 C:/nxp/MCUXpressoIDE_24.12.148/ide/plugins/com.nxp.mcuxpresso.tools.win32_24.12.0.202407110909/tools/bin/../lib/gcc/arm-none-eabi/13.2.1/../../../../arm-none-eabi/lib/thumb/v8-m.main+fp/hard\libcr_c.a(memcpy.o)
 .debug_abbrev  0x000024a8       0xa8 C:/nxp/MCUXpressoIDE_24.12.148/ide/plugins/com.nxp.mcuxpresso.tools.win32_24.12.0.202407110909/tools/bin/../lib/gcc/arm-none-eabi/13.2.1/../../../../arm-none-eabi/lib/thumb/v8-m.main+fp/hard\libcr_c.a(memset.o)
 .debug_abbrev  0x00002550      0x284 C:/nxp/MCUXpressoIDE_24.12.148/ide/plugins/com.nxp.mcuxpresso.tools.win32_24.12.0.202407110909/tools/bin/../lib/gcc/arm-none-eabi/13.2.1/../../../../arm-none-eabi/lib/thumb/v8-m.main+fp/hard\libcr_c.a(alloc.o)
 .debug_abbrev  0x000027d4       0x44 C:/nxp/MCUXpressoIDE_24.12.148/ide/plugins/com.nxp.mcuxpresso.tools.win32_24.12.0.202407110909/tools/bin/../lib/gcc/arm-none-eabi/13.2.1/../../../../arm-none-eabi/lib/thumb/v8-m.main+fp/hard\libcr_c.a(errno.o)
 .debug_abbrev  0x00002818      0x169 C:/nxp/MCUXpressoIDE_24.12.148/ide/plugins/com.nxp.mcuxpresso.tools.win32_24.12.0.202407110909/tools/bin/../lib/gcc/arm-none-eabi/13.2.1/../../../../arm-none-eabi/lib/thumb/v8-m.main+fp/hard\libcr_c.a(initio.o)
 .debug_abbrev  0x00002981       0xe1 C:/nxp/MCUXpressoIDE_24.12.148/ide/plugins/com.nxp.mcuxpresso.tools.win32_24.12.0.202407110909/tools/bin/../lib/gcc/arm-none-eabi/13.2.1/../../../../arm-none-eabi/lib/thumb/v8-m.main+fp/hard\libcr_c.a(setvbuf.o)
 .debug_abbrev  0x00002a62       0xa7 C:/nxp/MCUXpressoIDE_24.12.148/ide/plugins/com.nxp.mcuxpresso.tools.win32_24.12.0.202407110909/tools/bin/../lib/gcc/arm-none-eabi/13.2.1/../../../../arm-none-eabi/lib/thumb/v8-m.main+fp/hard\libcr_c.a(strlen.o)
 .debug_abbrev  0x00002b09      0x152 C:/nxp/MCUXpressoIDE_24.12.148/ide/plugins/com.nxp.mcuxpresso.tools.win32_24.12.0.202407110909/tools/bin/../lib/gcc/arm-none-eabi/13.2.1/../../../../arm-none-eabi/lib/thumb/v8-m.main+fp/hard\libcr_c.a(_deferredlazyseek.o)
 .debug_abbrev  0x00002c5b      0x119 C:/nxp/MCUXpressoIDE_24.12.148/ide/plugins/com.nxp.mcuxpresso.tools.win32_24.12.0.202407110909/tools/bin/../lib/gcc/arm-none-eabi/13.2.1/../../../../arm-none-eabi/lib/thumb/v8-m.main+fp/hard\libcr_c.a(_fdopen.o)
 .debug_abbrev  0x00002d74       0xf1 C:/nxp/MCUXpressoIDE_24.12.148/ide/plugins/com.nxp.mcuxpresso.tools.win32_24.12.0.202407110909/tools/bin/../lib/gcc/arm-none-eabi/13.2.1/../../../../arm-none-eabi/lib/thumb/v8-m.main+fp/hard\libcr_c.a(_fflush.o)
 .debug_abbrev  0x00002e65      0x126 C:/nxp/MCUXpressoIDE_24.12.148/ide/plugins/com.nxp.mcuxpresso.tools.win32_24.12.0.202407110909/tools/bin/../lib/gcc/arm-none-eabi/13.2.1/../../../../arm-none-eabi/lib/thumb/v8-m.main+fp/hard\libcr_c.a(_writebuf.o)
 .debug_abbrev  0x00002f8b      0x155 C:/nxp/MCUXpressoIDE_24.12.148/ide/plugins/com.nxp.mcuxpresso.tools.win32_24.12.0.202407110909/tools/bin/../lib/gcc/arm-none-eabi/13.2.1/../../../../arm-none-eabi/lib/thumb/v8-m.main+fp/hard\libcr_c.a(fclose.o)
 .debug_abbrev  0x000030e0      0x125 C:/nxp/MCUXpressoIDE_24.12.148/ide/plugins/com.nxp.mcuxpresso.tools.win32_24.12.0.202407110909/tools/bin/../lib/gcc/arm-none-eabi/13.2.1/../../../../arm-none-eabi/lib/thumb/v8-m.main+fp/hard\libcr_c.a(fflush.o)
 .debug_abbrev  0x00003205      0x11b C:/nxp/MCUXpressoIDE_24.12.148/ide/plugins/com.nxp.mcuxpresso.tools.win32_24.12.0.202407110909/tools/bin/../lib/gcc/arm-none-eabi/13.2.1/../../../../arm-none-eabi/lib/thumb/v8-m.main+fp/hard\libcr_c.a(fseek.o)
 .debug_abbrev  0x00003320       0xc2 C:/nxp/MCUXpressoIDE_24.12.148/ide/plugins/com.nxp.mcuxpresso.tools.win32_24.12.0.202407110909/tools/bin/../lib/gcc/arm-none-eabi/13.2.1/../../../../arm-none-eabi/lib/thumb/v8-m.main+fp/hard\libcr_c.a(ftell.o)
 .debug_abbrev  0x000033e2       0xfb C:/nxp/MCUXpressoIDE_24.12.148/ide/plugins/com.nxp.mcuxpresso.tools.win32_24.12.0.202407110909/tools/bin/../lib/gcc/arm-none-eabi/13.2.1/../../../../arm-none-eabi/lib/thumb/v8-m.main+fp/hard\libcr_c.a(remove.o)
 .debug_abbrev  0x000034dd      0x12c C:/nxp/MCUXpressoIDE_24.12.148/ide/plugins/com.nxp.mcuxpresso.tools.win32_24.12.0.202407110909/tools/bin/../lib/gcc/arm-none-eabi/13.2.1/../../../../arm-none-eabi/lib/thumb/v8-m.main+fp/hard\libcr_c.a(_do_fflush.o)
 .debug_abbrev  0x00003609      0x370 C:/nxp/MCUXpressoIDE_24.12.148/ide/plugins/com.nxp.mcuxpresso.tools.win32_24.12.0.202407110909/tools/bin/../lib/gcc/arm-none-eabi/13.2.1/thumb/v8-m.main+fp/hard\libcr_eabihelpers.a(float.o)
 .debug_abbrev  0x00003979       0xb5 C:/nxp/MCUXpressoIDE_24.12.148/ide/plugins/com.nxp.mcuxpresso.tools.win32_24.12.0.202407110909/tools/bin/../lib/gcc/arm-none-eabi/13.2.1/../../../../arm-none-eabi/lib/thumb/v8-m.main+fp/hard\libcr_nohost_nf.a(__ciob.o)
 .debug_abbrev  0x00003a2e       0x5c C:/nxp/MCUXpressoIDE_24.12.148/ide/plugins/com.nxp.mcuxpresso.tools.win32_24.12.0.202407110909/tools/bin/../lib/gcc/arm-none-eabi/13.2.1/../../../../arm-none-eabi/lib/thumb/v8-m.main+fp/hard\libcr_nohost_nf.a(__sys_close.o)
 .debug_abbrev  0x00003a8a       0x5c C:/nxp/MCUXpressoIDE_24.12.148/ide/plugins/com.nxp.mcuxpresso.tools.win32_24.12.0.202407110909/tools/bin/../lib/gcc/arm-none-eabi/13.2.1/../../../../arm-none-eabi/lib/thumb/v8-m.main+fp/hard\libcr_nohost_nf.a(__sys_flen.o)
 .debug_abbrev  0x00003ae6       0x5c C:/nxp/MCUXpressoIDE_24.12.148/ide/plugins/com.nxp.mcuxpresso.tools.win32_24.12.0.202407110909/tools/bin/../lib/gcc/arm-none-eabi/13.2.1/../../../../arm-none-eabi/lib/thumb/v8-m.main+fp/hard\libcr_nohost_nf.a(__sys_istty.o)
 .debug_abbrev  0x00003b42       0x7d C:/nxp/MCUXpressoIDE_24.12.148/ide/plugins/com.nxp.mcuxpresso.tools.win32_24.12.0.202407110909/tools/bin/../lib/gcc/arm-none-eabi/13.2.1/../../../../arm-none-eabi/lib/thumb/v8-m.main+fp/hard\libcr_nohost_nf.a(__sys_remove.o)
 .debug_abbrev  0x00003bbf       0x6d C:/nxp/MCUXpressoIDE_24.12.148/ide/plugins/com.nxp.mcuxpresso.tools.win32_24.12.0.202407110909/tools/bin/../lib/gcc/arm-none-eabi/13.2.1/../../../../arm-none-eabi/lib/thumb/v8-m.main+fp/hard\libcr_nohost_nf.a(__sys_seek.o)
 .debug_abbrev  0x00003c2c       0x76 C:/nxp/MCUXpressoIDE_24.12.148/ide/plugins/com.nxp.mcuxpresso.tools.win32_24.12.0.202407110909/tools/bin/../lib/gcc/arm-none-eabi/13.2.1/../../../../arm-none-eabi/lib/thumb/v8-m.main+fp/hard\libcr_nohost_nf.a(__sys_tmpnam.o)

.debug_aranges  0x00000000     0x1390
 .debug_aranges
                0x00000000       0xe8 ./utilities/str/fsl_str.o
 .debug_aranges
                0x000000e8       0xa8 ./utilities/debug_console/fsl_debug_console.o
 .debug_aranges
                0x00000190       0x28 ./utilities/fsl_assert.o
 .debug_aranges