16:58:31 **** Build of configuration Debug for project MCXN947_Project ****
make -r -j16 all 
Building file: ../utilities/str/fsl_str.c
Building file: ../utilities/debug_console/fsl_debug_console.c
Building file: ../utilities/fsl_assert.c
Invoking: MCU C Compiler
Building file: ../startup/boot_multicore_slave.c
Invoking: MCU C Compiler
arm-none-eabi-gcc -D__REDLIB__ -DCPU_MCXN947VDF -DCPU_MCXN947VDF_cm33 -DCPU_MCXN947VDF_cm33_core0 -DSERIAL_PORT_TYPE_UART=1 -DSDK_DEBUGCONSOLE=1 -DCR_INTEGER_PRINTF -DPRINTF_FLOAT_ENABLE=0 -DSDK_DEBUGCONSOLE_ITM -D__MCUXPRESSO -D__USE_CMSIS -DDEBUG -I"C:\Users\taken\Works\ess\N94_Dev\MCXN947_Project\board" -I"C:\Users\taken\Works\ess\N94_Dev\MCXN947_Project\source" -I"C:\Users\taken\Works\ess\N94_Dev\MCXN947_Project\drivers" -I"C:\Users\taken\Works\ess\N94_Dev\MCXN947_Project\device" -I"C:\Users\taken\Works\ess\N94_Dev\MCXN947_Project\utilities\debug_console" -I"C:\Users\taken\Works\ess\N94_Dev\MCXN947_Project\component\uart" -I"C:\Users\taken\Works\ess\N94_Dev\MCXN947_Project\utilities\debug_console\config" -I"C:\Users\taken\Works\ess\N94_Dev\MCXN947_Project\component\serial_manager" -I"C:\Users\taken\Works\ess\N94_Dev\MCXN947_Project\component\lists" -I"C:\Users\taken\Works\ess\N94_Dev\MCXN947_Project\device\periph" -I"C:\Users\taken\Works\ess\N94_Dev\MCXN947_Project\utilities" -I"C:\Users\taken\Works\ess\N94_Dev\MCXN947_Project\CMSIS" -I"C:\Users\taken\Works\ess\N94_Dev\MCXN947_Project\CMSIS\m-profile" -I"C:\Users\taken\Works\ess\N94_Dev\MCXN947_Project\utilities\str" -O0 -fno-common -g3 -gdwarf-4 -Wall -c -ffunction-sections -fdata-sections -fno-builtin -fmerge-constants -fmacro-prefix-map="../utilities/str/"= -mcpu=cortex-m33 -mfpu=fpv5-sp-d16 -mfloat-abi=hard -mthumb -D__REDLIB__ -fstack-usage -specs=redlib.specs -MMD -MP -MF"utilities/str/fsl_str.d" -MT"utilities/str/fsl_str.o" -MT"utilities/str/fsl_str.d" -o "utilities/str/fsl_str.o" "../utilities/str/fsl_str.c"
Building file: ../startup/startup_mcxn947_cm33_core0.c
arm-none-eabi-gcc -D__REDLIB__ -DCPU_MCXN947VDF -DCPU_MCXN947VDF_cm33 -DCPU_MCXN947VDF_cm33_core0 -DSERIAL_PORT_TYPE_UART=1 -DSDK_DEBUGCONSOLE=1 -DCR_INTEGER_PRINTF -DPRINTF_FLOAT_ENABLE=0 -DSDK_DEBUGCONSOLE_ITM -D__MCUXPRESSO -D__USE_CMSIS -DDEBUG -I"C:\Users\taken\Works\ess\N94_Dev\MCXN947_Project\board" -I"C:\Users\taken\Works\ess\N94_Dev\MCXN947_Project\source" -I"C:\Users\taken\Works\ess\N94_Dev\MCXN947_Project\drivers" -I"C:\Users\taken\Works\ess\N94_Dev\MCXN947_Project\device" -I"C:\Users\taken\Works\ess\N94_Dev\MCXN947_Project\utilities\debug_console" -I"C:\Users\taken\Works\ess\N94_Dev\MCXN947_Project\component\uart" -I"C:\Users\taken\Works\ess\N94_Dev\MCXN947_Project\utilities\debug_console\config" -I"C:\Users\taken\Works\ess\N94_Dev\MCXN947_Project\component\serial_manager" -I"C:\Users\taken\Works\ess\N94_Dev\MCXN947_Project\component\lists" -I"C:\Users\taken\Works\ess\N94_Dev\MCXN947_Project\device\periph" -I"C:\Users\taken\Works\ess\N94_Dev\MCXN947_Project\utilities" -I"C:\Users\taken\Works\ess\N94_Dev\MCXN947_Project\CMSIS" -I"C:\Users\taken\Works\ess\N94_Dev\MCXN947_Project\CMSIS\m-profile" -I"C:\Users\taken\Works\ess\N94_Dev\MCXN947_Project\utilities\str" -O0 -fno-common -g3 -gdwarf-4 -Wall -c -ffunction-sections -fdata-sections -fno-builtin -fmerge-constants -fmacro-prefix-map="../utilities/debug_console/"= -mcpu=cortex-m33 -mfpu=fpv5-sp-d16 -mfloat-abi=hard -mthumb -D__REDLIB__ -fstack-usage -specs=redlib.specs -MMD -MP -MF"utilities/debug_console/fsl_debug_console.d" -MT"utilities/debug_console/fsl_debug_console.o" -MT"utilities/debug_console/fsl_debug_console.d" -o "utilities/debug_console/fsl_debug_console.o" "../utilities/debug_console/fsl_debug_console.c"
Invoking: MCU C Compiler
Building file: ../source/MCXN947_Project.c
Building file: ../source/retarget_itm.c
Building file: ../drivers/fsl_clock.c
Building file: ../source/semihost_hardfault.c
Invoking: MCU C Compiler
Building file: ../drivers/fsl_common.c
Invoking: MCU C Compiler
arm-none-eabi-gcc -D__REDLIB__ -DCPU_MCXN947VDF -DCPU_MCXN947VDF_cm33 -DCPU_MCXN947VDF_cm33_core0 -DSERIAL_PORT_TYPE_UART=1 -DSDK_DEBUGCONSOLE=1 -DCR_INTEGER_PRINTF -DPRINTF_FLOAT_ENABLE=0 -DSDK_DEBUGCONSOLE_ITM -D__MCUXPRESSO -D__USE_CMSIS -DDEBUG -I"C:\Users\taken\Works\ess\N94_Dev\MCXN947_Project\board" -I"C:\Users\taken\Works\ess\N94_Dev\MCXN947_Project\source" -I"C:\Users\taken\Works\ess\N94_Dev\MCXN947_Project\drivers" -I"C:\Users\taken\Works\ess\N94_Dev\MCXN947_Project\device" -I"C:\Users\taken\Works\ess\N94_Dev\MCXN947_Project\utilities\debug_console" -I"C:\Users\taken\Works\ess\N94_Dev\MCXN947_Project\component\uart" -I"C:\Users\taken\Works\ess\N94_Dev\MCXN947_Project\utilities\debug_console\config" -I"C:\Users\taken\Works\ess\N94_Dev\MCXN947_Project\component\serial_manager" -I"C:\Users\taken\Works\ess\N94_Dev\MCXN947_Project\component\lists" -I"C:\Users\taken\Works\ess\N94_Dev\MCXN947_Project\device\periph" -I"C:\Users\taken\Works\ess\N94_Dev\MCXN947_Project\utilities" -I"C:\Users\taken\Works\ess\N94_Dev\MCXN947_Project\CMSIS" -I"C:\Users\taken\Works\ess\N94_Dev\MCXN947_Project\CMSIS\m-profile" -I"C:\Users\taken\Works\ess\N94_Dev\MCXN947_Project\utilities\str" -O0 -fno-common -g3 -gdwarf-4 -Wall -c -ffunction-sections -fdata-sections -fno-builtin -fmerge-constants -fmacro-prefix-map="../utilities/"= -mcpu=cortex-m33 -mfpu=fpv5-sp-d16 -mfloat-abi=hard -mthumb -D__REDLIB__ -fstack-usage -specs=redlib.specs -MMD -MP -MF"utilities/fsl_assert.d" -MT"utilities/fsl_assert.o" -MT"utilities/fsl_assert.d" -o "utilities/fsl_assert.o" "../utilities/fsl_assert.c"
Invoking: MCU C Compiler
arm-none-eabi-gcc -D__REDLIB__ -DCPU_MCXN947VDF -DCPU_MCXN947VDF_cm33 -DCPU_MCXN947VDF_cm33_core0 -DSERIAL_PORT_TYPE_UART=1 -DSDK_DEBUGCONSOLE=1 -DCR_INTEGER_PRINTF -DPRINTF_FLOAT_ENABLE=0 -DSDK_DEBUGCONSOLE_ITM -D__MCUXPRESSO -D__USE_CMSIS -DDEBUG -I"C:\Users\taken\Works\ess\N94_Dev\MCXN947_Project\board" -I"C:\Users\taken\Works\ess\N94_Dev\MCXN947_Project\source" -I"C:\Users\taken\Works\ess\N94_Dev\MCXN947_Project\drivers" -I"C:\Users\taken\Works\ess\N94_Dev\MCXN947_Project\device" -I"C:\Users\taken\Works\ess\N94_Dev\MCXN947_Project\utilities\debug_console" -I"C:\Users\taken\Works\ess\N94_Dev\MCXN947_Project\component\uart" -I"C:\Users\taken\Works\ess\N94_Dev\MCXN947_Project\utilities\debug_console\config" -I"C:\Users\taken\Works\ess\N94_Dev\MCXN947_Project\component\serial_manager" -I"C:\Users\taken\Works\ess\N94_Dev\MCXN947_Project\component\lists" -I"C:\Users\taken\Works\ess\N94_Dev\MCXN947_Project\device\periph" -I"C:\Users\taken\Works\ess\N94_Dev\MCXN947_Project\utilities" -I"C:\Users\taken\Works\ess\N94_Dev\MCXN947_Project\CMSIS" -I"C:\Users\taken\Works\ess\N94_Dev\MCXN947_Project\CMSIS\m-profile" -I"C:\Users\taken\Works\ess\N94_Dev\MCXN947_Project\utilities\str" -O0 -fno-common -g3 -gdwarf-4 -Wall -c -ffunction-sections -fdata-sections -fno-builtin -fmerge-constants -fmacro-prefix-map="../source/"= -mcpu=cortex-m33 -mfpu=fpv5-sp-d16 -mfloat-abi=hard -mthumb -D__REDLIB__ -fstack-usage -specs=redlib.specs -MMD -MP -MF"source/MCXN947_Project.d" -MT"source/MCXN947_Project.o" -MT"source/MCXN947_Project.d" -o "source/MCXN947_Project.o" "../source/MCXN947_Project.c"
Invoking: MCU C Compiler
Invoking: MCU C Compiler
arm-none-eabi-gcc -D__REDLIB__ -DCPU_MCXN947VDF -DCPU_MCXN947VDF_cm33 -DCPU_MCXN947VDF_cm33_core0 -DSERIAL_PORT_TYPE_UART=1 -DSDK_DEBUGCONSOLE=1 -DCR_INTEGER_PRINTF -DPRINTF_FLOAT_ENABLE=0 -DSDK_DEBUGCONSOLE_ITM -D__MCUXPRESSO -D__USE_CMSIS -DDEBUG -I"C:\Users\taken\Works\ess\N94_Dev\MCXN947_Project\board" -I"C:\Users\taken\Works\ess\N94_Dev\MCXN947_Project\source" -I"C:\Users\taken\Works\ess\N94_Dev\MCXN947_Project\drivers" -I"C:\Users\taken\Works\ess\N94_Dev\MCXN947_Project\device" -I"C:\Users\taken\Works\ess\N94_Dev\MCXN947_Project\utilities\debug_console" -I"C:\Users\taken\Works\ess\N94_Dev\MCXN947_Project\component\uart" -I"C:\Users\taken\Works\ess\N94_Dev\MCXN947_Project\utilities\debug_console\config" -I"C:\Users\taken\Works\ess\N94_Dev\MCXN947_Project\component\serial_manager" -I"C:\Users\taken\Works\ess\N94_Dev\MCXN947_Project\component\lists" -I"C:\Users\taken\Works\ess\N94_Dev\MCXN947_Project\device\periph" -I"C:\Users\taken\Works\ess\N94_Dev\MCXN947_Project\utilities" -I"C:\Users\taken\Works\ess\N94_Dev\MCXN947_Project\CMSIS" -I"C:\Users\taken\Works\ess\N94_Dev\MCXN947_Project\CMSIS\m-profile" -I"C:\Users\taken\Works\ess\N94_Dev\MCXN947_Project\utilities\str" -O0 -fno-common -g3 -gdwarf-4 -Wall -c -ffunction-sections -fdata-sections -fno-builtin -fmerge-constants -fmacro-prefix-map="../startup/"= -mcpu=cortex-m33 -mfpu=fpv5-sp-d16 -mfloat-abi=hard -mthumb -D__REDLIB__ -fstack-usage -specs=redlib.specs -MMD -MP -MF"startup/startup_mcxn947_cm33_core0.d" -MT"startup/startup_mcxn947_cm33_core0.o" -MT"startup/startup_mcxn947_cm33_core0.d" -o "startup/startup_mcxn947_cm33_core0.o" "../startup/startup_mcxn947_cm33_core0.c"
Invoking: MCU C Compiler
arm-none-eabi-gcc -D__REDLIB__ -DCPU_MCXN947VDF -DCPU_MCXN947VDF_cm33 -DCPU_MCXN947VDF_cm33_core0 -DSERIAL_PORT_TYPE_UART=1 -DSDK_DEBUGCONSOLE=1 -DCR_INTEGER_PRINTF -DPRINTF_FLOAT_ENABLE=0 -DSDK_DEBUGCONSOLE_ITM -D__MCUXPRESSO -D__USE_CMSIS -DDEBUG -I"C:\Users\taken\Works\ess\N94_Dev\MCXN947_Project\board" -I"C:\Users\taken\Works\ess\N94_Dev\MCXN947_Project\source" -I"C:\Users\taken\Works\ess\N94_Dev\MCXN947_Project\drivers" -I"C:\Users\taken\Works\ess\N94_Dev\MCXN947_Project\device" -I"C:\Users\taken\Works\ess\N94_Dev\MCXN947_Project\utilities\debug_console" -I"C:\Users\taken\Works\ess\N94_Dev\MCXN947_Project\component\uart" -I"C:\Users\taken\Works\ess\N94_Dev\MCXN947_Project\utilities\debug_console\config" -I"C:\Users\taken\Works\ess\N94_Dev\MCXN947_Project\component\serial_manager" -I"C:\Users\taken\Works\ess\N94_Dev\MCXN947_Project\component\lists" -I"C:\Users\taken\Works\ess\N94_Dev\MCXN947_Project\device\periph" -I"C:\Users\taken\Works\ess\N94_Dev\MCXN947_Project\utilities" -I"C:\Users\taken\Works\ess\N94_Dev\MCXN947_Project\CMSIS" -I"C:\Users\taken\Works\ess\N94_Dev\MCXN947_Project\CMSIS\m-profile" -I"C:\Users\taken\Works\ess\N94_Dev\MCXN947_Project\utilities\str" -O0 -fno-common -g3 -gdwarf-4 -Wall -c -ffunction-sections -fdata-sections -fno-builtin -fmerge-constants -fmacro-prefix-map="../source/"= -mcpu=cortex-m33 -mfpu=fpv5-sp-d16 -mfloat-abi=hard -mthumb -D__REDLIB__ -fstack-usage -specs=redlib.specs -MMD -MP -MF"source/retarget_itm.d" -MT"source/retarget_itm.o" -MT"source/retarget_itm.d" -o "source/retarget_itm.o" "../source/retarget_itm.c"
arm-none-eabi-gcc -D__REDLIB__ -DCPU_MCXN947VDF -DCPU_MCXN947VDF_cm33 -DCPU_MCXN947VDF_cm33_core0 -DSERIAL_PORT_TYPE_UART=1 -DSDK_DEBUGCONSOLE=1 -DCR_INTEGER_PRINTF -DPRINTF_FLOAT_ENABLE=0 -DSDK_DEBUGCONSOLE_ITM -D__MCUXPRESSO -D__USE_CMSIS -DDEBUG -I"C:\Users\taken\Works\ess\N94_Dev\MCXN947_Project\board" -I"C:\Users\taken\Works\ess\N94_Dev\MCXN947_Project\source" -I"C:\Users\taken\Works\ess\N94_Dev\MCXN947_Project\drivers" -I"C:\Users\taken\Works\ess\N94_Dev\MCXN947_Project\device" -I"C:\Users\taken\Works\ess\N94_Dev\MCXN947_Project\utilities\debug_console" -I"C:\Users\taken\Works\ess\N94_Dev\MCXN947_Project\component\uart" -I"C:\Users\taken\Works\ess\N94_Dev\MCXN947_Project\utilities\debug_console\config" -I"C:\Users\taken\Works\ess\N94_Dev\MCXN947_Project\component\serial_manager" -I"C:\Users\taken\Works\ess\N94_Dev\MCXN947_Project\component\lists" -I"C:\Users\taken\Works\ess\N94_Dev\MCXN947_Project\device\periph" -I"C:\Users\taken\Works\ess\N94_Dev\MCXN947_Project\utilities" -I"C:\Users\taken\Works\ess\N94_Dev\MCXN947_Project\CMSIS" -I"C:\Users\taken\Works\ess\N94_Dev\MCXN947_Project\CMSIS\m-profile" -I"C:\Users\taken\Works\ess\N94_Dev\MCXN947_Project\utilities\str" -O0 -fno-common -g3 -gdwarf-4 -Wall -c -ffunction-sections -fdata-sections -fno-builtin -fmerge-constants -fmacro-prefix-map="../startup/"= -mcpu=cortex-m33 -mfpu=fpv5-sp-d16 -mfloat-abi=hard -mthumb -D__REDLIB__ -fstack-usage -specs=redlib.specs -MMD -MP -MF"startup/boot_multicore_slave.d" -MT"startup/boot_multicore_slave.o" -MT"startup/boot_multicore_slave.d" -o "startup/boot_multicore_slave.o" "../startup/boot_multicore_slave.c"
Invoking: MCU C Compiler
arm-none-eabi-gcc -D__REDLIB__ -DCPU_MCXN947VDF -DCPU_MCXN947VDF_cm33 -DCPU_MCXN947VDF_cm33_core0 -DSERIAL_PORT_TYPE_UART=1 -DSDK_DEBUGCONSOLE=1 -DCR_INTEGER_PRINTF -DPRINTF_FLOAT_ENABLE=0 -DSDK_DEBUGCONSOLE_ITM -D__MCUXPRESSO -D__USE_CMSIS -DDEBUG -I"C:\Users\taken\Works\ess\N94_Dev\MCXN947_Project\board" -I"C:\Users\taken\Works\ess\N94_Dev\MCXN947_Project\source" -I"C:\Users\taken\Works\ess\N94_Dev\MCXN947_Project\drivers" -I"C:\Users\taken\Works\ess\N94_Dev\MCXN947_Project\device" -I"C:\Users\taken\Works\ess\N94_Dev\MCXN947_Project\utilities\debug_console" -I"C:\Users\taken\Works\ess\N94_Dev\MCXN947_Project\component\uart" -I"C:\Users\taken\Works\ess\N94_Dev\MCXN947_Project\utilities\debug_console\config" -I"C:\Users\taken\Works\ess\N94_Dev\MCXN947_Project\component\serial_manager" -I"C:\Users\taken\Works\ess\N94_Dev\MCXN947_Project\component\lists" -I"C:\Users\taken\Works\ess\N94_Dev\MCXN947_Project\device\periph" -I"C:\Users\taken\Works\ess\N94_Dev\MCXN947_Project\utilities" -I"C:\Users\taken\Works\ess\N94_Dev\MCXN947_Project\CMSIS" -I"C:\Users\taken\Works\ess\N94_Dev\MCXN947_Project\CMSIS\m-profile" -I"C:\Users\taken\Works\ess\N94_Dev\MCXN947_Project\utilities\str" -O0 -fno-common -g3 -gdwarf-4 -Wall -c -ffunction-sections -fdata-sections -fno-builtin -fmerge-constants -fmacro-prefix-map="../source/"= -mcpu=cortex-m33 -mfpu=fpv5-sp-d16 -mfloat-abi=hard -mthumb -D__REDLIB__ -fstack-usage -specs=redlib.specs -MMD -MP -MF"source/semihost_hardfault.d" -MT"source/semihost_hardfault.o" -MT"source/semihost_hardfault.d" -o "source/semihost_hardfault.o" "../source/semihost_hardfault.c"
arm-none-eabi-gcc -D__REDLIB__ -DCPU_MCXN947VDF -DCPU_MCXN947VDF_cm33 -DCPU_MCXN947VDF_cm33_core0 -DSERIAL_PORT_TYPE_UART=1 -DSDK_DEBUGCONSOLE=1 -DCR_INTEGER_PRINTF -DPRINTF_FLOAT_ENABLE=0 -DSDK_DEBUGCONSOLE_ITM -D__MCUXPRESSO -D__USE_CMSIS -DDEBUG -I"C:\Users\taken\Works\ess\N94_Dev\MCXN947_Project\board" -I"C:\Users\taken\Works\ess\N94_Dev\MCXN947_Project\source" -I"C:\Users\taken\Works\ess\N94_Dev\MCXN947_Project\drivers" -I"C:\Users\taken\Works\ess\N94_Dev\MCXN947_Project\device" -I"C:\Users\taken\Works\ess\N94_Dev\MCXN947_Project\utilities\debug_console" -I"C:\Users\taken\Works\ess\N94_Dev\MCXN947_Project\component\uart" -I"C:\Users\taken\Works\ess\N94_Dev\MCXN947_Project\utilities\debug_console\config" -I"C:\Users\taken\Works\ess\N94_Dev\MCXN947_Project\component\serial_manager" -I"C:\Users\taken\Works\ess\N94_Dev\MCXN947_Project\component\lists" -I"C:\Users\taken\Works\ess\N94_Dev\MCXN947_Project\device\periph" -I"C:\Users\taken\Works\ess\N94_Dev\MCXN947_Project\utilities" -I"C:\Users\taken\Works\ess\N94_Dev\MCXN947_Project\CMSIS" -I"C:\Users\taken\Works\ess\N94_Dev\MCXN947_Project\CMSIS\m-profile" -I"C:\Users\taken\Works\ess\N94_Dev\MCXN947_Project\utilities\str" -O0 -fno-common -g3 -gdwarf-4 -Wall -c -ffunction-sections -fdata-sections -fno-builtin -fmerge-constants -fmacro-prefix-map="../drivers/"= -mcpu=cortex-m33 -mfpu=fpv5-sp-d16 -mfloat-abi=hard -mthumb -D__REDLIB__ -fstack-usage -specs=redlib.specs -MMD -MP -MF"drivers/fsl_clock.d" -MT"drivers/fsl_clock.o" -MT"drivers/fsl_clock.d" -o "drivers/fsl_clock.o" "../drivers/fsl_clock.c"
arm-none-eabi-gcc -D__REDLIB__ -DCPU_MCXN947VDF -DCPU_MCXN947VDF_cm33 -DCPU_MCXN947VDF_cm33_core0 -DSERIAL_PORT_TYPE_UART=1 -DSDK_DEBUGCONSOLE=1 -DCR_INTEGER_PRINTF -DPRINTF_FLOAT_ENABLE=0 -DSDK_DEBUGCONSOLE_ITM -D__MCUXPRESSO -D__USE_CMSIS -DDEBUG -I"C:\Users\taken\Works\ess\N94_Dev\MCXN947_Project\board" -I"C:\Users\taken\Works\ess\N94_Dev\MCXN947_Project\source" -I"C:\Users\taken\Works\ess\N94_Dev\MCXN947_Project\drivers" -I"C:\Users\taken\Works\ess\N94_Dev\MCXN947_Project\device" -I"C:\Users\taken\Works\ess\N94_Dev\MCXN947_Project\utilities\debug_console" -I"C:\Users\taken\Works\ess\N94_Dev\MCXN947_Project\component\uart" -I"C:\Users\taken\Works\ess\N94_Dev\MCXN947_Project\utilities\debug_console\config" -I"C:\Users\taken\Works\ess\N94_Dev\MCXN947_Project\component\serial_manager" -I"C:\Users\taken\Works\ess\N94_Dev\MCXN947_Project\component\lists" -I"C:\Users\taken\Works\ess\N94_Dev\MCXN947_Project\device\periph" -I"C:\Users\taken\Works\ess\N94_Dev\MCXN947_Project\utilities" -I"C:\Users\taken\Works\ess\N94_Dev\MCXN947_Project\CMSIS" -I"C:\Users\taken\Works\ess\N94_Dev\MCXN947_Project\CMSIS\m-profile" -I"C:\Users\taken\Works\ess\N94_Dev\MCXN947_Project\utilities\str" -O0 -fno-common -g3 -gdwarf-4 -Wall -c -ffunction-sections -fdata-sections -fno-builtin -fmerge-constants -fmacro-prefix-map="../drivers/"= -mcpu=cortex-m33 -mfpu=fpv5-sp-d16 -mfloat-abi=hard -mthumb -D__REDLIB__ -fstack-usage -specs=redlib.specs -MMD -MP -MF"drivers/fsl_common.d" -MT"drivers/fsl_common.o" -MT"drivers/fsl_common.d" -o "drivers/fsl_common.o" "../drivers/fsl_common.c"
Building file: ../drivers/fsl_common_arm.c
Building file: ../drivers/fsl_lpflexcomm.c
Building file: ../drivers/fsl_gpio.c
Building file: ../drivers/fsl_lpi2c.c
Invoking: MCU C Compiler
Building file: ../drivers/fsl_lpspi.c
Invoking: MCU C Compiler
arm-none-eabi-gcc -D__REDLIB__ -DCPU_MCXN947VDF -DCPU_MCXN947VDF_cm33 -DCPU_MCXN947VDF_cm33_core0 -DSERIAL_PORT_TYPE_UART=1 -DSDK_DEBUGCONSOLE=1 -DCR_INTEGER_PRINTF -DPRINTF_FLOAT_ENABLE=0 -DSDK_DEBUGCONSOLE_ITM -D__MCUXPRESSO -D__USE_CMSIS -DDEBUG -I"C:\Users\taken\Works\ess\N94_Dev\MCXN947_Project\board" -I"C:\Users\taken\Works\ess\N94_Dev\MCXN947_Project\source" -I"C:\Users\taken\Works\ess\N94_Dev\MCXN947_Project\drivers" -I"C:\Users\taken\Works\ess\N94_Dev\MCXN947_Project\device" -I"C:\Users\taken\Works\ess\N94_Dev\MCXN947_Project\utilities\debug_console" -I"C:\Users\taken\Works\ess\N94_Dev\MCXN947_Project\component\uart" -I"C:\Users\taken\Works\ess\N94_Dev\MCXN947_Project\utilities\debug_console\config" -I"C:\Users\taken\Works\ess\N94_Dev\MCXN947_Project\component\serial_manager" -I"C:\Users\taken\Works\ess\N94_Dev\MCXN947_Project\component\lists" -I"C:\Users\taken\Works\ess\N94_Dev\MCXN947_Project\device\periph" -I"C:\Users\taken\Works\ess\N94_Dev\MCXN947_Project\utilities" -I"C:\Users\taken\Works\ess\N94_Dev\MCXN947_Project\CMSIS" -I"C:\Users\taken\Works\ess\N94_Dev\MCXN947_Project\CMSIS\m-profile" -I"C:\Users\taken\Works\ess\N94_Dev\MCXN947_Project\utilities\str" -O0 -fno-common -g3 -gdwarf-4 -Wall -c -ffunction-sections -fdata-sections -fno-builtin -fmerge-constants -fmacro-prefix-map="../drivers/"= -mcpu=cortex-m33 -mfpu=fpv5-sp-d16 -mfloat-abi=hard -mthumb -D__REDLIB__ -fstack-usage -specs=redlib.specs -MMD -MP -MF"drivers/fsl_lpflexcomm.d" -MT"drivers/fsl_lpflexcomm.o" -MT"drivers/fsl_lpflexcomm.d" -o "drivers/fsl_lpflexcomm.o" "../drivers/fsl_lpflexcomm.c"
arm-none-eabi-gcc -D__REDLIB__ -DCPU_MCXN947VDF -DCPU_MCXN947VDF_cm33 -DCPU_MCXN947VDF_cm33_core0 -DSERIAL_PORT_TYPE_UART=1 -DSDK_DEBUGCONSOLE=1 -DCR_INTEGER_PRINTF -DPRINTF_FLOAT_ENABLE=0 -DSDK_DEBUGCONSOLE_ITM -D__MCUXPRESSO -D__USE_CMSIS -DDEBUG -I"C:\Users\taken\Works\ess\N94_Dev\MCXN947_Project\board" -I"C:\Users\taken\Works\ess\N94_Dev\MCXN947_Project\source" -I"C:\Users\taken\Works\ess\N94_Dev\MCXN947_Project\drivers" -I"C:\Users\taken\Works\ess\N94_Dev\MCXN947_Project\device" -I"C:\Users\taken\Works\ess\N94_Dev\MCXN947_Project\utilities\debug_console" -I"C:\Users\taken\Works\ess\N94_Dev\MCXN947_Project\component\uart" -I"C:\Users\taken\Works\ess\N94_Dev\MCXN947_Project\utilities\debug_console\config" -I"C:\Users\taken\Works\ess\N94_Dev\MCXN947_Project\component\serial_manager" -I"C:\Users\taken\Works\ess\N94_Dev\MCXN947_Project\component\lists" -I"C:\Users\taken\Works\ess\N94_Dev\MCXN947_Project\device\periph" -I"C:\Users\taken\Works\ess\N94_Dev\MCXN947_Project\utilities" -I"C:\Users\taken\Works\ess\N94_Dev\MCXN947_Project\CMSIS" -I"C:\Users\taken\Works\ess\N94_Dev\MCXN947_Project\CMSIS\m-profile" -I"C:\Users\taken\Works\ess\N94_Dev\MCXN947_Project\utilities\str" -O0 -fno-common -g3 -gdwarf-4 -Wall -c -ffunction-sections -fdata-sections -fno-builtin -fmerge-constants -fmacro-prefix-map="../drivers/"= -mcpu=cortex-m33 -mfpu=fpv5-sp-d16 -mfloat-abi=hard -mthumb -D__REDLIB__ -fstack-usage -specs=redlib.specs -MMD -MP -MF"drivers/fsl_common_arm.d" -MT"drivers/fsl_common_arm.o" -MT"drivers/fsl_common_arm.d" -o "drivers/fsl_common_arm.o" "../drivers/fsl_common_arm.c"
Invoking: MCU C Compiler
Invoking: MCU C Compiler
Invoking: MCU C Compiler
arm-none-eabi-gcc -D__REDLIB__ -DCPU_MCXN947VDF -DCPU_MCXN947VDF_cm33 -DCPU_MCXN947VDF_cm33_core0 -DSERIAL_PORT_TYPE_UART=1 -DSDK_DEBUGCONSOLE=1 -DCR_INTEGER_PRINTF -DPRINTF_FLOAT_ENABLE=0 -DSDK_DEBUGCONSOLE_ITM -D__MCUXPRESSO -D__USE_CMSIS -DDEBUG -I"C:\Users\taken\Works\ess\N94_Dev\MCXN947_Project\board" -I"C:\Users\taken\Works\ess\N94_Dev\MCXN947_Project\source" -I"C:\Users\taken\Works\ess\N94_Dev\MCXN947_Project\drivers" -I"C:\Users\taken\Works\ess\N94_Dev\MCXN947_Project\device" -I"C:\Users\taken\Works\ess\N94_Dev\MCXN947_Project\utilities\debug_console" -I"C:\Users\taken\Works\ess\N94_Dev\MCXN947_Project\component\uart" -I"C:\Users\taken\Works\ess\N94_Dev\MCXN947_Project\utilities\debug_console\config" -I"C:\Users\taken\Works\ess\N94_Dev\MCXN947_Project\component\serial_manager" -I"C:\Users\taken\Works\ess\N94_Dev\MCXN947_Project\component\lists" -I"C:\Users\taken\Works\ess\N94_Dev\MCXN947_Project\device\periph" -I"C:\Users\taken\Works\ess\N94_Dev\MCXN947_Project\utilities" -I"C:\Users\taken\Works\ess\N94_Dev\MCXN947_Project\CMSIS" -I"C:\Users\taken\Works\ess\N94_Dev\MCXN947_Project\CMSIS\m-profile" -I"C:\Users\taken\Works\ess\N94_Dev\MCXN947_Project\utilities\str" -O0 -fno-common -g3 -gdwarf-4 -Wall -c -ffunction-sections -fdata-sections -fno-builtin -fmerge-constants -fmacro-prefix-map="../drivers/"= -mcpu=cortex-m33 -mfpu=fpv5-sp-d16 -mfloat-abi=hard -mthumb -D__REDLIB__ -fstack-usage -specs=redlib.specs -MMD -MP -MF"drivers/fsl_gpio.d" -MT"drivers/fsl_gpio.o" -MT"drivers/fsl_gpio.d" -o "drivers/fsl_gpio.o" "../drivers/fsl_gpio.c"
arm-none-eabi-gcc -D__REDLIB__ -DCPU_MCXN947VDF -DCPU_MCXN947VDF_cm33 -DCPU_MCXN947VDF_cm33_core0 -DSERIAL_PORT_TYPE_UART=1 -DSDK_DEBUGCONSOLE=1 -DCR_INTEGER_PRINTF -DPRINTF_FLOAT_ENABLE=0 -DSDK_DEBUGCONSOLE_ITM -D__MCUXPRESSO -D__USE_CMSIS -DDEBUG -I"C:\Users\taken\Works\ess\N94_Dev\MCXN947_Project\board" -I"C:\Users\taken\Works\ess\N94_Dev\MCXN947_Project\source" -I"C:\Users\taken\Works\ess\N94_Dev\MCXN947_Project\drivers" -I"C:\Users\taken\Works\ess\N94_Dev\MCXN947_Project\device" -I"C:\Users\taken\Works\ess\N94_Dev\MCXN947_Project\utilities\debug_console" -I"C:\Users\taken\Works\ess\N94_Dev\MCXN947_Project\component\uart" -I"C:\Users\taken\Works\ess\N94_Dev\MCXN947_Project\utilities\debug_console\config" -I"C:\Users\taken\Works\ess\N94_Dev\MCXN947_Project\component\serial_manager" -I"C:\Users\taken\Works\ess\N94_Dev\MCXN947_Project\component\lists" -I"C:\Users\taken\Works\ess\N94_Dev\MCXN947_Project\device\periph" -I"C:\Users\taken\Works\ess\N94_Dev\MCXN947_Project\utilities" -I"C:\Users\taken\Works\ess\N94_Dev\MCXN947_Project\CMSIS" -I"C:\Users\taken\Works\ess\N94_Dev\MCXN947_Project\CMSIS\m-profile" -I"C:\Users\taken\Works\ess\N94_Dev\MCXN947_Project\utilities\str" -O0 -fno-common -g3 -gdwarf-4 -Wall -c -ffunction-sections -fdata-sections -fno-builtin -fmerge-constants -fmacro-prefix-map="../drivers/"= -mcpu=cortex-m33 -mfpu=fpv5-sp-d16 -mfloat-abi=hard -mthumb -D__REDLIB__ -fstack-usage -specs=redlib.specs -MMD -MP -MF"drivers/fsl_lpi2c.d" -MT"drivers/fsl_lpi2c.o" -MT"drivers/fsl_lpi2c.d" -o "drivers/fsl_lpi2c.o" "../drivers/fsl_lpi2c.c"
arm-none-eabi-gcc -D__REDLIB__ -DCPU_MCXN947VDF -DCPU_MCXN947VDF_cm33 -DCPU_MCXN947VDF_cm33_core0 -DSERIAL_PORT_TYPE_UART=1 -DSDK_DEBUGCONSOLE=1 -DCR_INTEGER_PRINTF -DPRINTF_FLOAT_ENABLE=0 -DSDK_DEBUGCONSOLE_ITM -D__MCUXPRESSO -D__USE_CMSIS -DDEBUG -I"C:\Users\taken\Works\ess\N94_Dev\MCXN947_Project\board" -I"C:\Users\taken\Works\ess\N94_Dev\MCXN947_Project\source" -I"C:\Users\taken\Works\ess\N94_Dev\MCXN947_Project\drivers" -I"C:\Users\taken\Works\ess\N94_Dev\MCXN947_Project\device" -I"C:\Users\taken\Works\ess\N94_Dev\MCXN947_Project\utilities\debug_console" -I"C:\Users\taken\Works\ess\N94_Dev\MCXN947_Project\component\uart" -I"C:\Users\taken\Works\ess\N94_Dev\MCXN947_Project\utilities\debug_console\config" -I"C:\Users\taken\Works\ess\N94_Dev\MCXN947_Project\component\serial_manager" -I"C:\Users\taken\Works\ess\N94_Dev\MCXN947_Project\component\lists" -I"C:\Users\taken\Works\ess\N94_Dev\MCXN947_Project\device\periph" -I"C:\Users\taken\Works\ess\N94_Dev\MCXN947_Project\utilities" -I"C:\Users\taken\Works\ess\N94_Dev\MCXN947_Project\CMSIS" -I"C:\Users\taken\Works\ess\N94_Dev\MCXN947_Project\CMSIS\m-profile" -I"C:\Users\taken\Works\ess\N94_Dev\MCXN947_Project\utilities\str" -O0 -fno-common -g3 -gdwarf-4 -Wall -c -ffunction-sections -fdata-sections -fno-builtin -fmerge-constants -fmacro-prefix-map="../drivers/"= -mcpu=cortex-m33 -mfpu=fpv5-sp-d16 -mfloat-abi=hard -mthumb -D__REDLIB__ -fstack-usage -specs=redlib.specs -MMD -MP -MF"drivers/fsl_lpspi.d" -MT"drivers/fsl_lpspi.o" -MT"drivers/fsl_lpspi.d" -o "drivers/fsl_lpspi.o" "../drivers/fsl_lpspi.c"
Building file: ../drivers/fsl_lpuart.c
Invoking: MCU C Compiler
arm-none-eabi-gcc -D__REDLIB__ -DCPU_MCXN947VDF -DCPU_MCXN947VDF_cm33 -DCPU_MCXN947VDF_cm33_core0 -DSERIAL_PORT_TYPE_UART=1 -DSDK_DEBUGCONSOLE=1 -DCR_INTEGER_PRINTF -DPRINTF_FLOAT_ENABLE=0 -DSDK_DEBUGCONSOLE_ITM -D__MCUXPRESSO -D__USE_CMSIS -DDEBUG -I"C:\Users\taken\Works\ess\N94_Dev\MCXN947_Project\board" -I"C:\Users\taken\Works\ess\N94_Dev\MCXN947_Project\source" -I"C:\Users\taken\Works\ess\N94_Dev\MCXN947_Project\drivers" -I"C:\Users\taken\Works\ess\N94_Dev\MCXN947_Project\device" -I"C:\Users\taken\Works\ess\N94_Dev\MCXN947_Project\utilities\debug_console" -I"C:\Users\taken\Works\ess\N94_Dev\MCXN947_Project\component\uart" -I"C:\Users\taken\Works\ess\N94_Dev\MCXN947_Project\utilities\debug_console\config" -I"C:\Users\taken\Works\ess\N94_Dev\MCXN947_Project\component\serial_manager" -I"C:\Users\taken\Works\ess\N94_Dev\MCXN947_Project\component\lists" -I"C:\Users\taken\Works\ess\N94_Dev\MCXN947_Project\device\periph" -I"C:\Users\taken\Works\ess\N94_Dev\MCXN947_Project\utilities" -I"C:\Users\taken\Works\ess\N94_Dev\MCXN947_Project\CMSIS" -I"C:\Users\taken\Works\ess\N94_Dev\MCXN947_Project\CMSIS\m-profile" -I"C:\Users\taken\Works\ess\N94_Dev\MCXN947_Project\utilities\str" -O0 -fno-common -g3 -gdwarf-4 -Wall -c -ffunction-sections -fdata-sections -fno-builtin -fmerge-constants -fmacro-prefix-map="../drivers/"= -mcpu=cortex-m33 -mfpu=fpv5-sp-d16 -mfloat-abi=hard -mthumb -D__REDLIB__ -fstack-usage -specs=redlib.specs -MMD -MP -MF"drivers/fsl_lpuart.d" -MT"drivers/fsl_lpuart.o" -MT"drivers/fsl_lpuart.d" -o "drivers/fsl_lpuart.o" "../drivers/fsl_lpuart.c"
Finished building: ../startup/boot_multicore_slave.c
 
Finished building: ../source/retarget_itm.c
Finished building: ../source/semihost_hardfault.c
Building file: ../drivers/fsl_reset.c
Finished building: ../utilities/fsl_assert.c
Invoking: MCU C Compiler
 
arm-none-eabi-gcc -D__REDLIB__ -DCPU_MCXN947VDF -DCPU_MCXN947VDF_cm33 -DCPU_MCXN947VDF_cm33_core0 -DSERIAL_PORT_TYPE_UART=1 -DSDK_DEBUGCONSOLE=1 -DCR_INTEGER_PRINTF -DPRINTF_FLOAT_ENABLE=0 -DSDK_DEBUGCONSOLE_ITM -D__MCUXPRESSO -D__USE_CMSIS -DDEBUG -I"C:\Users\taken\Works\ess\N94_Dev\MCXN947_Project\board" -I"C:\Users\taken\Works\ess\N94_Dev\MCXN947_Project\source" -I"C:\Users\taken\Works\ess\N94_Dev\MCXN947_Project\drivers" -I"C:\Users\taken\Works\ess\N94_Dev\MCXN947_Project\device" -I"C:\Users\taken\Works\ess\N94_Dev\MCXN947_Project\utilities\debug_console" -I"C:\Users\taken\Works\ess\N94_Dev\MCXN947_Project\component\uart" -I"C:\Users\taken\Works\ess\N94_Dev\MCXN947_Project\utilities\debug_console\config" -I"C:\Users\taken\Works\ess\N94_Dev\MCXN947_Project\component\serial_manager" -I"C:\Users\taken\Works\ess\N94_Dev\MCXN947_Project\component\lists" -I"C:\Users\taken\Works\ess\N94_Dev\MCXN947_Project\device\periph" -I"C:\Users\taken\Works\ess\N94_Dev\MCXN947_Project\utilities" -I"C:\Users\taken\Works\ess\N94_Dev\MCXN947_Project\CMSIS" -I"C:\Users\taken\Works\ess\N94_Dev\MCXN947_Project\CMSIS\m-profile" -I"C:\Users\taken\Works\ess\N94_Dev\MCXN947_Project\utilities\str" -O0 -fno-common -g3 -gdwarf-4 -Wall -c -ffunction-sections -fdata-sections -fno-builtin -fmerge-constants -fmacro-prefix-map="../drivers/"= -mcpu=cortex-m33 -mfpu=fpv5-sp-d16 -mfloat-abi=hard -mthumb -D__REDLIB__ -fstack-usage -specs=redlib.specs -MMD -MP -MF"drivers/fsl_reset.d" -MT"drivers/fsl_reset.o" -MT"drivers/fsl_reset.d" -o "drivers/fsl_reset.o" "../drivers/fsl_reset.c"
Building file: ../drivers/fsl_spc.c
 
Invoking: MCU C Compiler
 
arm-none-eabi-gcc -D__REDLIB__ -DCPU_MCXN947VDF -DCPU_MCXN947VDF_cm33 -DCPU_MCXN947VDF_cm33_core0 -DSERIAL_PORT_TYPE_UART=1 -DSDK_DEBUGCONSOLE=1 -DCR_INTEGER_PRINTF -DPRINTF_FLOAT_ENABLE=0 -DSDK_DEBUGCONSOLE_ITM -D__MCUXPRESSO -D__USE_CMSIS -DDEBUG -I"C:\Users\taken\Works\ess\N94_Dev\MCXN947_Project\board" -I"C:\Users\taken\Works\ess\N94_Dev\MCXN947_Project\source" -I"C:\Users\taken\Works\ess\N94_Dev\MCXN947_Project\drivers" -I"C:\Users\taken\Works\ess\N94_Dev\MCXN947_Project\device" -I"C:\Users\taken\Works\ess\N94_Dev\MCXN947_Project\utilities\debug_console" -I"C:\Users\taken\Works\ess\N94_Dev\MCXN947_Project\component\uart" -I"C:\Users\taken\Works\ess\N94_Dev\MCXN947_Project\utilities\debug_console\config" -I"C:\Users\taken\Works\ess\N94_Dev\MCXN947_Project\component\serial_manager" -I"C:\Users\taken\Works\ess\N94_Dev\MCXN947_Project\component\lists" -I"C:\Users\taken\Works\ess\N94_Dev\MCXN947_Project\device\periph" -I"C:\Users\taken\Works\ess\N94_Dev\MCXN947_Project\utilities" -I"C:\Users\taken\Works\ess\N94_Dev\MCXN947_Project\CMSIS" -I"C:\Users\taken\Works\ess\N94_Dev\MCXN947_Project\CMSIS\m-profile" -I"C:\Users\taken\Works\ess\N94_Dev\MCXN947_Project\utilities\str" -O0 -fno-common -g3 -gdwarf-4 -Wall -c -ffunction-sections -fdata-sections -fno-builtin -fmerge-constants -fmacro-prefix-map="../drivers/"= -mcpu=cortex-m33 -mfpu=fpv5-sp-d16 -mfloat-abi=hard -mthumb -D__REDLIB__ -fstack-usage -specs=redlib.specs -MMD -MP -MF"drivers/fsl_spc.d" -MT"drivers/fsl_spc.o" -MT"drivers/fsl_spc.d" -o "drivers/fsl_spc.o" "../drivers/fsl_spc.c"
Finished building: ../drivers/fsl_lpuart.c
Finished building: ../drivers/fsl_lpi2c.c
Finished building: ../startup/startup_mcxn947_cm33_core0.c
Building file: ../device/system_MCXN947_cm33_core0.c
Building file: ../component/uart/fsl_adapter_lpuart.c
 
Invoking: MCU C Compiler
 
arm-none-eabi-gcc -D__REDLIB__ -DCPU_MCXN947VDF -DCPU_MCXN947VDF_cm33 -DCPU_MCXN947VDF_cm33_core0 -DSERIAL_PORT_TYPE_UART=1 -DSDK_DEBUGCONSOLE=1 -DCR_INTEGER_PRINTF -DPRINTF_FLOAT_ENABLE=0 -DSDK_DEBUGCONSOLE_ITM -D__MCUXPRESSO -D__USE_CMSIS -DDEBUG -I"C:\Users\taken\Works\ess\N94_Dev\MCXN947_Project\board" -I"C:\Users\taken\Works\ess\N94_Dev\MCXN947_Project\source" -I"C:\Users\taken\Works\ess\N94_Dev\MCXN947_Project\drivers" -I"C:\Users\taken\Works\ess\N94_Dev\MCXN947_Project\device" -I"C:\Users\taken\Works\ess\N94_Dev\MCXN947_Project\utilities\debug_console" -I"C:\Users\taken\Works\ess\N94_Dev\MCXN947_Project\component\uart" -I"C:\Users\taken\Works\ess\N94_Dev\MCXN947_Project\utilities\debug_console\config" -I"C:\Users\taken\Works\ess\N94_Dev\MCXN947_Project\component\serial_manager" -I"C:\Users\taken\Works\ess\N94_Dev\MCXN947_Project\component\lists" -I"C:\Users\taken\Works\ess\N94_Dev\MCXN947_Project\device\periph" -I"C:\Users\taken\Works\ess\N94_Dev\MCXN947_Project\utilities" -I"C:\Users\taken\Works\ess\N94_Dev\MCXN947_Project\CMSIS" -I"C:\Users\taken\Works\ess\N94_Dev\MCXN947_Project\CMSIS\m-profile" -I"C:\Users\taken\Works\ess\N94_Dev\MCXN947_Project\utilities\str" -O0 -fno-common -g3 -gdwarf-4 -Wall -c -ffunction-sections -fdata-sections -fno-builtin -fmerge-constants -fmacro-prefix-map="../device/"= -mcpu=cortex-m33 -mfpu=fpv5-sp-d16 -mfloat-abi=hard -mthumb -D__REDLIB__ -fstack-usage -specs=redlib.specs -MMD -MP -MF"device/system_MCXN947_cm33_core0.d" -MT"device/system_MCXN947_cm33_core0.o" -MT"device/system_MCXN947_cm33_core0.d" -o "device/system_MCXN947_cm33_core0.o" "../device/system_MCXN947_cm33_core0.c"
Invoking: MCU C Compiler
Finished building: ../drivers/fsl_lpflexcomm.c
 
arm-none-eabi-gcc -D__REDLIB__ -DCPU_MCXN947VDF -DCPU_MCXN947VDF_cm33 -DCPU_MCXN947VDF_cm33_core0 -DSERIAL_PORT_TYPE_UART=1 -DSDK_DEBUGCONSOLE=1 -DCR_INTEGER_PRINTF -DPRINTF_FLOAT_ENABLE=0 -DSDK_DEBUGCONSOLE_ITM -D__MCUXPRESSO -D__USE_CMSIS -DDEBUG -I"C:\Users\taken\Works\ess\N94_Dev\MCXN947_Project\board" -I"C:\Users\taken\Works\ess\N94_Dev\MCXN947_Project\source" -I"C:\Users\taken\Works\ess\N94_Dev\MCXN947_Project\drivers" -I"C:\Users\taken\Works\ess\N94_Dev\MCXN947_Project\device" -I"C:\Users\taken\Works\ess\N94_Dev\MCXN947_Project\utilities\debug_console" -I"C:\Users\taken\Works\ess\N94_Dev\MCXN947_Project\component\uart" -I"C:\Users\taken\Works\ess\N94_Dev\MCXN947_Project\utilities\debug_console\config" -I"C:\Users\taken\Works\ess\N94_Dev\MCXN947_Project\component\serial_manager" -I"C:\Users\taken\Works\ess\N94_Dev\MCXN947_Project\component\lists" -I"C:\Users\taken\Works\ess\N94_Dev\MCXN947_Project\device\periph" -I"C:\Users\taken\Works\ess\N94_Dev\MCXN947_Project\utilities" -I"C:\Users\taken\Works\ess\N94_Dev\MCXN947_Project\CMSIS" -I"C:\Users\taken\Works\ess\N94_Dev\MCXN947_Project\CMSIS\m-profile" -I"C:\Users\taken\Works\ess\N94_Dev\MCXN947_Project\utilities\str" -O0 -fno-common -g3 -gdwarf-4 -Wall -c -ffunction-sections -fdata-sections -fno-builtin -fmerge-constants -fmacro-prefix-map="../component/uart/"= -mcpu=cortex-m33 -mfpu=fpv5-sp-d16 -mfloat-abi=hard -mthumb -D__REDLIB__ -fstack-usage -specs=redlib.specs -MMD -MP -MF"component/uart/fsl_adapter_lpuart.d" -MT"component/uart/fsl_adapter_lpuart.o" -MT"component/uart/fsl_adapter_lpuart.d" -o "component/uart/fsl_adapter_lpuart.o" "../component/uart/fsl_adapter_lpuart.c"
Building file: ../component/serial_manager/fsl_component_serial_manager.c
 
Finished building: ../drivers/fsl_clock.c
Finished building: ../utilities/debug_console/fsl_debug_console.c
Building file: ../component/serial_manager/fsl_component_serial_port_uart.c
Invoking: MCU C Compiler
Building file: ../board/board.c
 
Building file: ../component/lists/fsl_component_generic_list.c
 
arm-none-eabi-gcc -D__REDLIB__ -DCPU_MCXN947VDF -DCPU_MCXN947VDF_cm33 -DCPU_MCXN947VDF_cm33_core0 -DSERIAL_PORT_TYPE_UART=1 -DSDK_DEBUGCONSOLE=1 -DCR_INTEGER_PRINTF -DPRINTF_FLOAT_ENABLE=0 -DSDK_DEBUGCONSOLE_ITM -D__MCUXPRESSO -D__USE_CMSIS -DDEBUG -I"C:\Users\taken\Works\ess\N94_Dev\MCXN947_Project\board" -I"C:\Users\taken\Works\ess\N94_Dev\MCXN947_Project\source" -I"C:\Users\taken\Works\ess\N94_Dev\MCXN947_Project\drivers" -I"C:\Users\taken\Works\ess\N94_Dev\MCXN947_Project\device" -I"C:\Users\taken\Works\ess\N94_Dev\MCXN947_Project\utilities\debug_console" -I"C:\Users\taken\Works\ess\N94_Dev\MCXN947_Project\component\uart" -I"C:\Users\taken\Works\ess\N94_Dev\MCXN947_Project\utilities\debug_console\config" -I"C:\Users\taken\Works\ess\N94_Dev\MCXN947_Project\component\serial_manager" -I"C:\Users\taken\Works\ess\N94_Dev\MCXN947_Project\component\lists" -I"C:\Users\taken\Works\ess\N94_Dev\MCXN947_Project\device\periph" -I"C:\Users\taken\Works\ess\N94_Dev\MCXN947_Project\utilities" -I"C:\Users\taken\Works\ess\N94_Dev\MCXN947_Project\CMSIS" -I"C:\Users\taken\Works\ess\N94_Dev\MCXN947_Project\CMSIS\m-profile" -I"C:\Users\taken\Works\ess\N94_Dev\MCXN947_Project\utilities\str" -O0 -fno-common -g3 -gdwarf-4 -Wall -c -ffunction-sections -fdata-sections -fno-builtin -fmerge-constants -fmacro-prefix-map="../component/serial_manager/"= -mcpu=cortex-m33 -mfpu=fpv5-sp-d16 -mfloat-abi=hard -mthumb -D__REDLIB__ -fstack-usage -specs=redlib.specs -MMD -MP -MF"component/serial_manager/fsl_component_serial_manager.d" -MT"component/serial_manager/fsl_component_serial_manager.o" -MT"component/serial_manager/fsl_component_serial_manager.d" -o "component/serial_manager/fsl_component_serial_manager.o" "../component/serial_manager/fsl_component_serial_manager.c"
Invoking: MCU C Compiler
Invoking: MCU C Compiler
Building file: ../board/clock_config.c
arm-none-eabi-gcc -D__REDLIB__ -DCPU_MCXN947VDF -DCPU_MCXN947VDF_cm33 -DCPU_MCXN947VDF_cm33_core0 -DSERIAL_PORT_TYPE_UART=1 -DSDK_DEBUGCONSOLE=1 -DCR_INTEGER_PRINTF -DPRINTF_FLOAT_ENABLE=0 -DSDK_DEBUGCONSOLE_ITM -D__MCUXPRESSO -D__USE_CMSIS -DDEBUG -I"C:\Users\taken\Works\ess\N94_Dev\MCXN947_Project\board" -I"C:\Users\taken\Works\ess\N94_Dev\MCXN947_Project\source" -I"C:\Users\taken\Works\ess\N94_Dev\MCXN947_Project\drivers" -I"C:\Users\taken\Works\ess\N94_Dev\MCXN947_Project\device" -I"C:\Users\taken\Works\ess\N94_Dev\MCXN947_Project\utilities\debug_console" -I"C:\Users\taken\Works\ess\N94_Dev\MCXN947_Project\component\uart" -I"C:\Users\taken\Works\ess\N94_Dev\MCXN947_Project\utilities\debug_console\config" -I"C:\Users\taken\Works\ess\N94_Dev\MCXN947_Project\component\serial_manager" -I"C:\Users\taken\Works\ess\N94_Dev\MCXN947_Project\component\lists" -I"C:\Users\taken\Works\ess\N94_Dev\MCXN947_Project\device\periph" -I"C:\Users\taken\Works\ess\N94_Dev\MCXN947_Project\utilities" -I"C:\Users\taken\Works\ess\N94_Dev\MCXN947_Project\CMSIS" -I"C:\Users\taken\Works\ess\N94_Dev\MCXN947_Project\CMSIS\m-profile" -I"C:\Users\taken\Works\ess\N94_Dev\MCXN947_Project\utilities\str" -O0 -fno-common -g3 -gdwarf-4 -Wall -c -ffunction-sections -fdata-sections -fno-builtin -fmerge-constants -fmacro-prefix-map="../component/serial_manager/"= -mcpu=cortex-m33 -mfpu=fpv5-sp-d16 -mfloat-abi=hard -mthumb -D__REDLIB__ -fstack-usage -specs=redlib.specs -MMD -MP -MF"component/serial_manager/fsl_component_serial_port_uart.d" -MT"component/serial_manager/fsl_component_serial_port_uart.o" -MT"component/serial_manager/fsl_component_serial_port_uart.d" -o "component/serial_manager/fsl_component_serial_port_uart.o" "../component/serial_manager/fsl_component_serial_port_uart.c"
arm-none-eabi-gcc -D__REDLIB__ -DCPU_MCXN947VDF -DCPU_MCXN947VDF_cm33 -DCPU_MCXN947VDF_cm33_core0 -DSERIAL_PORT_TYPE_UART=1 -DSDK_DEBUGCONSOLE=1 -DCR_INTEGER_PRINTF -DPRINTF_FLOAT_ENABLE=0 -DSDK_DEBUGCONSOLE_ITM -D__MCUXPRESSO -D__USE_CMSIS -DDEBUG -I"C:\Users\taken\Works\ess\N94_Dev\MCXN947_Project\board" -I"C:\Users\taken\Works\ess\N94_Dev\MCXN947_Project\source" -I"C:\Users\taken\Works\ess\N94_Dev\MCXN947_Project\drivers" -I"C:\Users\taken\Works\ess\N94_Dev\MCXN947_Project\device" -I"C:\Users\taken\Works\ess\N94_Dev\MCXN947_Project\utilities\debug_console" -I"C:\Users\taken\Works\ess\N94_Dev\MCXN947_Project\component\uart" -I"C:\Users\taken\Works\ess\N94_Dev\MCXN947_Project\utilities\debug_console\config" -I"C:\Users\taken\Works\ess\N94_Dev\MCXN947_Project\component\serial_manager" -I"C:\Users\taken\Works\ess\N94_Dev\MCXN947_Project\component\lists" -I"C:\Users\taken\Works\ess\N94_Dev\MCXN947_Project\device\periph" -I"C:\Users\taken\Works\ess\N94_Dev\MCXN947_Project\utilities" -I"C:\Users\taken\Works\ess\N94_Dev\MCXN947_Project\CMSIS" -I"C:\Users\taken\Works\ess\N94_Dev\MCXN947_Project\CMSIS\m-profile" -I"C:\Users\taken\Works\ess\N94_Dev\MCXN947_Project\utilities\str" -O0 -fno-common -g3 -gdwarf-4 -Wall -c -ffunction-sections -fdata-sections -fno-builtin -fmerge-constants -fmacro-prefix-map="../board/"= -mcpu=cortex-m33 -mfpu=fpv5-sp-d16 -mfloat-abi=hard -mthumb -D__REDLIB__ -fstack-usage -specs=redlib.specs -MMD -MP -MF"board/board.d" -MT"board/board.o" -MT"board/board.d" -o "board/board.o" "../board/board.c"
Invoking: MCU C Compiler
arm-none-eabi-gcc -D__REDLIB__ -DCPU_MCXN947VDF -DCPU_MCXN947VDF_cm33 -DCPU_MCXN947VDF_cm33_core0 -DSERIAL_PORT_TYPE_UART=1 -DSDK_DEBUGCONSOLE=1 -DCR_INTEGER_PRINTF -DPRINTF_FLOAT_ENABLE=0 -DSDK_DEBUGCONSOLE_ITM -D__MCUXPRESSO -D__USE_CMSIS -DDEBUG -I"C:\Users\taken\Works\ess\N94_Dev\MCXN947_Project\board" -I"C:\Users\taken\Works\ess\N94_Dev\MCXN947_Project\source" -I"C:\Users\taken\Works\ess\N94_Dev\MCXN947_Project\drivers" -I"C:\Users\taken\Works\ess\N94_Dev\MCXN947_Project\device" -I"C:\Users\taken\Works\ess\N94_Dev\MCXN947_Project\utilities\debug_console" -I"C:\Users\taken\Works\ess\N94_Dev\MCXN947_Project\component\uart" -I"C:\Users\taken\Works\ess\N94_Dev\MCXN947_Project\utilities\debug_console\config" -I"C:\Users\taken\Works\ess\N94_Dev\MCXN947_Project\component\serial_manager" -I"C:\Users\taken\Works\ess\N94_Dev\MCXN947_Project\component\lists" -I"C:\Users\taken\Works\ess\N94_Dev\MCXN947_Project\device\periph" -I"C:\Users\taken\Works\ess\N94_Dev\MCXN947_Project\utilities" -I"C:\Users\taken\Works\ess\N94_Dev\MCXN947_Project\CMSIS" -I"C:\Users\taken\Works\ess\N94_Dev\MCXN947_Project\CMSIS\m-profile" -I"C:\Users\taken\Works\ess\N94_Dev\MCXN947_Project\utilities\str" -O0 -fno-common -g3 -gdwarf-4 -Wall -c -ffunction-sections -fdata-sections -fno-builtin -fmerge-constants -fmacro-prefix-map="../board/"= -mcpu=cortex-m33 -mfpu=fpv5-sp-d16 -mfloat-abi=hard -mthumb -D__REDLIB__ -fstack-usage -specs=redlib.specs -MMD -MP -MF"board/clock_config.d" -MT"board/clock_config.o" -MT"board/clock_config.d" -o "board/clock_config.o" "../board/clock_config.c"
Finished building: ../utilities/str/fsl_str.c
Invoking: MCU C Compiler
Building file: ../board/peripherals.c
arm-none-eabi-gcc -D__REDLIB__ -DCPU_MCXN947VDF -DCPU_MCXN947VDF_cm33 -DCPU_MCXN947VDF_cm33_core0 -DSERIAL_PORT_TYPE_UART=1 -DSDK_DEBUGCONSOLE=1 -DCR_INTEGER_PRINTF -DPRINTF_FLOAT_ENABLE=0 -DSDK_DEBUGCONSOLE_ITM -D__MCUXPRESSO -D__USE_CMSIS -DDEBUG -I"C:\Users\taken\Works\ess\N94_Dev\MCXN947_Project\board" -I"C:\Users\taken\Works\ess\N94_Dev\MCXN947_Project\source" -I"C:\Users\taken\Works\ess\N94_Dev\MCXN947_Project\drivers" -I"C:\Users\taken\Works\ess\N94_Dev\MCXN947_Project\device" -I"C:\Users\taken\Works\ess\N94_Dev\MCXN947_Project\utilities\debug_console" -I"C:\Users\taken\Works\ess\N94_Dev\MCXN947_Project\component\uart" -I"C:\Users\taken\Works\ess\N94_Dev\MCXN947_Project\utilities\debug_console\config" -I"C:\Users\taken\Works\ess\N94_Dev\MCXN947_Project\component\serial_manager" -I"C:\Users\taken\Works\ess\N94_Dev\MCXN947_Project\component\lists" -I"C:\Users\taken\Works\ess\N94_Dev\MCXN947_Project\device\periph" -I"C:\Users\taken\Works\ess\N94_Dev\MCXN947_Project\utilities" -I"C:\Users\taken\Works\ess\N94_Dev\MCXN947_Project\CMSIS" -I"C:\Users\taken\Works\ess\N94_Dev\MCXN947_Project\CMSIS\m-profile" -I"C:\Users\taken\Works\ess\N94_Dev\MCXN947_Project\utilities\str" -O0 -fno-common -g3 -gdwarf-4 -Wall -c -ffunction-sections -fdata-sections -fno-builtin -fmerge-constants -fmacro-prefix-map="../component/lists/"= -mcpu=cortex-m33 -mfpu=fpv5-sp-d16 -mfloat-abi=hard -mthumb -D__REDLIB__ -fstack-usage -specs=redlib.specs -MMD -MP -MF"component/lists/fsl_component_generic_list.d" -MT"component/lists/fsl_component_generic_list.o" -MT"component/lists/fsl_component_generic_list.d" -o "component/lists/fsl_component_generic_list.o" "../component/lists/fsl_component_generic_list.c"
 
Finished building: ../source/MCXN947_Project.c
Invoking: MCU C Compiler
Finished building: ../drivers/fsl_common.c
arm-none-eabi-gcc -D__REDLIB__ -DCPU_MCXN947VDF -DCPU_MCXN947VDF_cm33 -DCPU_MCXN947VDF_cm33_core0 -DSERIAL_PORT_TYPE_UART=1 -DSDK_DEBUGCONSOLE=1 -DCR_INTEGER_PRINTF -DPRINTF_FLOAT_ENABLE=0 -DSDK_DEBUGCONSOLE_ITM -D__MCUXPRESSO -D__USE_CMSIS -DDEBUG -I"C:\Users\taken\Works\ess\N94_Dev\MCXN947_Project\board" -I"C:\Users\taken\Works\ess\N94_Dev\MCXN947_Project\source" -I"C:\Users\taken\Works\ess\N94_Dev\MCXN947_Project\drivers" -I"C:\Users\taken\Works\ess\N94_Dev\MCXN947_Project\device" -I"C:\Users\taken\Works\ess\N94_Dev\MCXN947_Project\utilities\debug_console" -I"C:\Users\taken\Works\ess\N94_Dev\MCXN947_Project\component\uart" -I"C:\Users\taken\Works\ess\N94_Dev\MCXN947_Project\utilities\debug_console\config" -I"C:\Users\taken\Works\ess\N94_Dev\MCXN947_Project\component\serial_manager" -I"C:\Users\taken\Works\ess\N94_Dev\MCXN947_Project\component\lists" -I"C:\Users\taken\Works\ess\N94_Dev\MCXN947_Project\device\periph" -I"C:\Users\taken\Works\ess\N94_Dev\MCXN947_Project\utilities" -I"C:\Users\taken\Works\ess\N94_Dev\MCXN947_Project\CMSIS" -I"C:\Users\taken\Works\ess\N94_Dev\MCXN947_Project\CMSIS\m-profile" -I"C:\Users\taken\Works\ess\N94_Dev\MCXN947_Project\utilities\str" -O0 -fno-common -g3 -gdwarf-4 -Wall -c -ffunction-sections -fdata-sections -fno-builtin -fmerge-constants -fmacro-prefix-map="../board/"= -mcpu=cortex-m33 -mfpu=fpv5-sp-d16 -mfloat-abi=hard -mthumb -D__REDLIB__ -fstack-usage -specs=redlib.specs -MMD -MP -MF"board/peripherals.d" -MT"board/peripherals.o" -MT"board/peripherals.d" -o "board/peripherals.o" "../board/peripherals.c"
 
Building file: ../board/pin_mux.c
Finished building: ../drivers/fsl_common_arm.c
 
Invoking: MCU C Compiler
arm-none-eabi-gcc -D__REDLIB__ -DCPU_MCXN947VDF -DCPU_MCXN947VDF_cm33 -DCPU_MCXN947VDF_cm33_core0 -DSERIAL_PORT_TYPE_UART=1 -DSDK_DEBUGCONSOLE=1 -DCR_INTEGER_PRINTF -DPRINTF_FLOAT_ENABLE=0 -DSDK_DEBUGCONSOLE_ITM -D__MCUXPRESSO -D__USE_CMSIS -DDEBUG -I"C:\Users\taken\Works\ess\N94_Dev\MCXN947_Project\board" -I"C:\Users\taken\Works\ess\N94_Dev\MCXN947_Project\source" -I"C:\Users\taken\Works\ess\N94_Dev\MCXN947_Project\drivers" -I"C:\Users\taken\Works\ess\N94_Dev\MCXN947_Project\device" -I"C:\Users\taken\Works\ess\N94_Dev\MCXN947_Project\utilities\debug_console" -I"C:\Users\taken\Works\ess\N94_Dev\MCXN947_Project\component\uart" -I"C:\Users\taken\Works\ess\N94_Dev\MCXN947_Project\utilities\debug_console\config" -I"C:\Users\taken\Works\ess\N94_Dev\MCXN947_Project\component\serial_manager" -I"C:\Users\taken\Works\ess\N94_Dev\MCXN947_Project\component\lists" -I"C:\Users\taken\Works\ess\N94_Dev\MCXN947_Project\device\periph" -I"C:\Users\taken\Works\ess\N94_Dev\MCXN947_Project\utilities" -I"C:\Users\taken\Works\ess\N94_Dev\MCXN947_Project\CMSIS" -I"C:\Users\taken\Works\ess\N94_Dev\MCXN947_Project\CMSIS\m-profile" -I"C:\Users\taken\Works\ess\N94_Dev\MCXN947_Project\utilities\str" -O0 -fno-common -g3 -gdwarf-4 -Wall -c -ffunction-sections -fdata-sections -fno-builtin -fmerge-constants -fmacro-prefix-map="../board/"= -mcpu=cortex-m33 -mfpu=fpv5-sp-d16 -mfloat-abi=hard -mthumb -D__REDLIB__ -fstack-usage -specs=redlib.specs -MMD -MP -MF"board/pin_mux.d" -MT"board/pin_mux.o" -MT"board/pin_mux.d" -o "board/pin_mux.o" "../board/pin_mux.c"
 
Finished building: ../drivers/fsl_gpio.c
 
Finished building: ../drivers/fsl_lpspi.c
 
Finished building: ../board/peripherals.c
 
Finished building: ../device/system_MCXN947_cm33_core0.c
Finished building: ../drivers/fsl_spc.c
Finished building: ../drivers/fsl_reset.c
 
 
Finished building: ../component/uart/fsl_adapter_lpuart.c
 
 
Finished building: ../component/serial_manager/fsl_component_serial_manager.c
 
Finished building: ../component/serial_manager/fsl_component_serial_port_uart.c
 
Finished building: ../board/board.c
Finished building: ../board/clock_config.c
 
 
Finished building: ../component/lists/fsl_component_generic_list.c
 
Finished building: ../board/pin_mux.c
 
Building target: MCXN947_Project.axf
Invoking: MCU Linker
arm-none-eabi-gcc -nostdlib -Xlinker -Map="MCXN947_Project.map" -Xlinker --gc-sections -Xlinker -print-memory-usage -Xlinker --sort-section=alignment -Xlinker --cref -mcpu=cortex-m33 -mfpu=fpv5-sp-d16 -mfloat-abi=hard -mthumb -T MCXN947_Project_Debug.ld -o "MCXN947_Project.axf" ./utilities/str/fsl_str.o  ./utilities/debug_console/fsl_debug_console.o  ./utilities/fsl_assert.o  ./startup/boot_multicore_slave.o ./startup/startup_mcxn947_cm33_core0.o  ./source/MCXN947_Project.o ./source/retarget_itm.o ./source/semihost_hardfault.o  ./drivers/fsl_clock.o ./drivers/fsl_common.o ./drivers/fsl_common_arm.o ./drivers/fsl_gpio.o ./drivers/fsl_lpflexcomm.o ./drivers/fsl_lpi2c.o ./drivers/fsl_lpspi.o ./drivers/fsl_lpuart.o ./drivers/fsl_reset.o ./drivers/fsl_spc.o  ./device/system_MCXN947_cm33_core0.o  ./component/uart/fsl_adapter_lpuart.o  ./component/serial_manager/fsl_component_serial_manager.o ./component/serial_manager/fsl_component_serial_port_uart.o  ./component/lists/fsl_component_generic_list.o  ./board/board.o ./board/clock_config.o ./board/peripherals.o ./board/pin_mux.o   
Memory region         Used Size  Region Size  %age Used
  PROGRAM_FLASH0:       13656 B         1 MB      1.30%
  PROGRAM_FLASH1:          0 GB         1 MB      0.00%
            SRAM:        8752 B       384 KB      2.23%
           SRAMX:          0 GB        96 KB      0.00%
           SRAMH:          0 GB        32 KB      0.00%
         USB_RAM:          0 GB         4 KB      0.00%
Finished building target: MCXN947_Project.axf
 
Performing post-build steps
arm-none-eabi-size "MCXN947_Project.axf"; # arm-none-eabi-objcopy -v -O binary "MCXN947_Project.axf" "MCXN947_Project.bin" ; # checksum -p MCXN947 -d "MCXN947_Project.bin";
   text	   data	    bss	    dec	    hex	filename
  13644	     12	   8740	  22396	   577c	MCXN947_Project.axf
 
16:59:00 **** Incremental Build of configuration Debug for project MCXN947_Project ****
make -r -j16 all 
make[1]: Nothing to be done for 'main-build'.
Performing post-build steps
arm-none-eabi-size "MCXN947_Project.axf"; # arm-none-eabi-objcopy -v -O binary "MCXN947_Project.axf" "MCXN947_Project.bin" ; # checksum -p MCXN947 -d "MCXN947_Project.bin";
   text	   data	    bss	    dec	    hex	filename
  13644	     12	   8740	  22396	   577c	MCXN947_Project.axf
 
